# Marcus log file — created automatically on first run by logger_setup.py.
# This starter line just ensures the file (and folder) exist in the zip.
2026-09-08 11:36:58 | INFO    | listener             | Calibrating for ambient noise (stay quiet for a moment)...
2026-09-08 11:37:00 | INFO    | listener             | Calibration done. Energy threshold set to 17.9
2026-09-08 11:37:00 | INFO    | speaker              | SPEAK: Marcus is online and ready.
2026-09-08 11:37:03 | INFO    | __main__             | Marcus started. Wake word: 'hey marcus'
2026-09-08 11:39:02 | INFO    | __main__             | Sidebar section selected: Home
2026-09-08 11:39:12 | INFO    | __main__             | Sidebar section selected: Apps
2026-09-08 11:39:13 | INFO    | __main__             | Sidebar section selected: Tools
2026-09-08 11:39:14 | INFO    | __main__             | Sidebar section selected: Settings
2026-09-08 11:41:10 | INFO    | __main__             | Sidebar section selected: Home
2026-09-08 11:41:18 | INFO    | __main__             | Sidebar section selected: Apps
2026-09-08 11:41:19 | INFO    | __main__             | Sidebar section selected: Tools
2026-09-08 11:41:20 | INFO    | __main__             | Sidebar section selected: Settings
2026-09-08 11:44:13 | INFO    | listener             | Calibrating for ambient noise (stay quiet for a moment)...
2026-09-08 11:44:14 | INFO    | listener             | Calibration done. Energy threshold set to 19.0
2026-09-08 11:44:14 | INFO    | speaker              | SPEAK: Marcus is online and ready.
2026-09-08 11:44:17 | INFO    | __main__             | Marcus started. Wake word: 'hey marcus'
2026-09-08 11:44:24 | DEBUG   | listener             | Audio was unintelligible.
2026-09-08 11:45:17 | INFO    | ui.app               | Sidebar section selected: Home
2026-09-08 11:45:17 | INFO    | listener             | Calibrating for ambient noise (stay quiet for a moment)...
2026-09-08 11:45:19 | INFO    | listener             | Calibration done. Energy threshold set to 18.0
2026-09-08 11:45:19 | INFO    | speaker              | SPEAK: Marcus is online and ready.
2026-09-08 11:45:21 | INFO    | __main__             | Marcus started. Wake word: 'hey marcus'
2026-09-08 11:45:28 | INFO    | ui.app               | Sidebar section selected: Home
2026-09-08 11:45:39 | INFO    | ui.app               | Sidebar section selected: Home
2026-09-08 11:45:40 | INFO    | listener             | Calibrating for ambient noise (stay quiet for a moment)...
2026-09-08 11:45:41 | INFO    | listener             | Calibration done. Energy threshold set to 470.9
2026-09-08 11:45:41 | INFO    | speaker              | SPEAK: Marcus is online and ready.
2026-09-08 11:45:44 | INFO    | __main__             | Marcus started. Wake word: 'hey marcus'
2026-09-08 11:45:57 | INFO    | ui.app               | Sidebar section selected: Home
2026-09-08 11:46:22 | INFO    | ui.app               | Sidebar section selected: Home
2026-09-08 11:46:23 | INFO    | listener             | Calibrating for ambient noise (stay quiet for a moment)...
2026-09-08 11:46:24 | INFO    | listener             | Calibration done. Energy threshold set to 18.1
2026-09-08 11:46:24 | INFO    | speaker              | SPEAK: Marcus is online and ready.
2026-09-08 11:46:27 | INFO    | __main__             | Marcus started. Wake word: 'hey marcus'
2026-09-08 11:47:02 | INFO    | listener             | Calibrating for ambient noise (stay quiet for a moment)...
2026-09-08 11:47:03 | INFO    | ui.app               | Sidebar section selected: Home
2026-09-08 11:47:04 | INFO    | listener             | Calibration done. Energy threshold set to 19.1
2026-09-08 11:47:04 | INFO    | speaker              | SPEAK: Marcus is online and ready.
2026-09-08 11:47:06 | INFO    | __main__             | Marcus started. Wake word: 'hey marcus'
2026-09-08 11:55:59 | INFO    | ui.app               | Sidebar section selected: Home
2026-09-08 11:56:00 | INFO    | listener             | Calibrating for ambient noise (stay quiet for a moment)...
2026-09-08 11:56:01 | INFO    | listener             | Calibration done. Energy threshold set to 1280.5
2026-09-08 11:56:01 | INFO    | speaker              | SPEAK: Marcus is online and ready.
2026-09-08 11:56:03 | INFO    | ui.app               | Sidebar section selected: Apps
2026-09-08 11:56:04 | INFO    | __main__             | Marcus started. Wake word: 'hey marcus'
2026-09-08 12:01:35 | INFO    | ui.app               | Sidebar section selected: Home
2026-09-08 12:02:11 | INFO    | ui.app               | Sidebar section selected: Home
2026-09-08 12:02:11 | INFO    | listener             | Calibrating for ambient noise (stay quiet for a moment)...
2026-09-08 12:02:12 | INFO    | listener             | Calibration done. Energy threshold set to 21.5
2026-09-08 12:02:12 | INFO    | speaker              | SPEAK: Marcus is online and ready.
2026-09-08 12:02:15 | INFO    | __main__             | Marcus started. Wake word: 'hey marcus'
2026-09-08 12:02:20 | DEBUG   | listener             | Audio was unintelligible.
2026-09-08 12:02:25 | DEBUG   | listener             | Audio was unintelligible.
2026-09-08 12:02:32 | INFO    | ui.app               | Sidebar section selected: Apps
2026-09-08 12:02:32 | INFO    | ui.app               | Sidebar section selected: Tools
2026-09-08 12:02:33 | INFO    | ui.app               | Sidebar section selected: Settings
2026-09-08 12:03:34 | INFO    | ui.app               | Sidebar section selected: Home
2026-09-08 12:03:35 | INFO    | listener             | Calibrating for ambient noise (stay quiet for a moment)...
2026-09-08 12:03:36 | INFO    | listener             | Calibration done. Energy threshold set to 279.7
2026-09-08 12:03:36 | INFO    | speaker              | SPEAK: Marcus is online and ready.
2026-09-08 12:06:37 | INFO    | ui.app               | Sidebar section selected: Home
2026-09-08 12:07:09 | INFO    | ui.app               | Sidebar section selected: Home
2026-09-08 12:07:23 | INFO    | ui.app               | Sidebar section selected: Home
2026-09-08 12:07:23 | INFO    | listener             | Calibrating for ambient noise (stay quiet for a moment)...
2026-09-08 12:07:25 | INFO    | listener             | Calibration done. Energy threshold set to 17.9
2026-09-08 12:07:25 | INFO    | speaker              | SPEAK: Marcus is online and ready.
2026-09-08 12:07:28 | INFO    | __main__             | Marcus started. Wake word: 'hey marcus'
2026-09-08 12:07:33 | DEBUG   | listener             | Audio was unintelligible.
2026-09-08 12:07:38 | DEBUG   | listener             | Audio was unintelligible.
2026-09-08 12:18:01 | INFO    | ui.app               | Sidebar section selected: Home
2026-09-08 12:18:01 | INFO    | listener             | Calibrating for ambient noise (stay quiet for a moment)...
2026-09-08 12:18:03 | INFO    | listener             | Calibration done. Energy threshold set to 236.8
2026-09-08 12:18:03 | INFO    | speaker              | SPEAK: Marcus is online and ready.
2026-09-08 12:18:05 | INFO    | __main__             | Marcus started. Wake word: 'hey marcus'
2026-09-08 12:18:12 | DEBUG   | listener             | Audio was unintelligible.
2026-09-08 12:18:17 | INFO    | listener             | Heard: 'share market'
2026-09-08 12:18:23 | INFO    | listener             | Heard: 'minimise the program'
2026-09-08 12:18:32 | INFO    | listener             | Heard: 'low the brightness'
2026-09-08 12:22:43 | INFO    | ui.app               | Sidebar section selected: Home
2026-09-08 12:22:43 | INFO    | listener             | Calibrating for ambient noise (stay quiet for a moment)...
2026-09-08 12:22:43 | INFO    | ui.app               | Sidebar section selected: Home
2026-09-08 12:22:44 | INFO    | listener             | Calibration done. Energy threshold set to 18.2
2026-09-08 12:22:44 | INFO    | speaker              | SPEAK: Marcus is online and ready.
2026-09-08 12:22:47 | INFO    | __main__             | Marcus started. Wake word: 'hey marcus'
2026-09-08 12:23:01 | INFO    | ui.app               | Sidebar section selected: Home
2026-09-08 12:23:07 | INFO    | ui.app               | Sidebar section selected: Home
2026-09-08 12:23:07 | INFO    | listener             | Calibrating for ambient noise (stay quiet for a moment)...
2026-09-08 12:23:09 | INFO    | listener             | Calibration done. Energy threshold set to 42.8
2026-09-08 12:23:09 | INFO    | speaker              | SPEAK: Marcus is online and ready.
2026-09-08 12:23:11 | INFO    | __main__             | Marcus started. Wake word: 'hey marcus'
2026-09-08 12:23:16 | DEBUG   | listener             | Audio was unintelligible.
2026-09-08 12:23:21 | DEBUG   | listener             | Audio was unintelligible.
2026-09-08 12:24:01 | INFO    | ui.app               | Sidebar section selected: Home
2026-09-08 12:24:02 | INFO    | listener             | Calibrating for ambient noise (stay quiet for a moment)...
2026-09-08 12:24:03 | INFO    | listener             | Calibration done. Energy threshold set to 17.9
2026-09-08 12:24:03 | INFO    | speaker              | SPEAK: Marcus is online and ready.
2026-09-08 12:24:06 | INFO    | __main__             | Marcus started. Wake word: 'hey marcus'
2026-09-08 12:24:11 | DEBUG   | listener             | Audio was unintelligible.
2026-09-08 12:24:14 | DEBUG   | listener             | Audio was unintelligible.
2026-09-08 12:28:16 | INFO    | ui.app               | Sidebar section selected: Home
2026-09-08 12:28:30 | INFO    | ui.app               | Sidebar section selected: Home
2026-09-08 12:28:36 | INFO    | ui.app               | Sidebar section selected: Home
2026-09-08 12:28:37 | INFO    | listener             | Calibrating for ambient noise (stay quiet for a moment)...
2026-09-08 12:28:38 | INFO    | ui.app               | Sidebar section selected: Home
2026-09-08 12:28:38 | INFO    | listener             | Calibration done. Energy threshold set to 18.0
2026-09-08 12:28:38 | INFO    | speaker              | SPEAK: Marcus is online and ready.
2026-09-08 12:28:42 | INFO    | __main__             | Marcus started. Wake word: 'hey marcus'
2026-09-08 12:28:55 | DEBUG   | listener             | Audio was unintelligible.
2026-09-08 12:29:17 | INFO    | listener             | Calibrating for ambient noise (stay quiet for a moment)...
2026-09-08 12:29:17 | INFO    | ui.app               | Sidebar section selected: Home
2026-09-08 12:29:18 | INFO    | listener             | Calibration done. Energy threshold set to 17.9
2026-09-08 12:29:18 | INFO    | speaker              | SPEAK: Marcus is online and ready.
2026-09-08 12:29:22 | INFO    | __main__             | Marcus started. Wake word: 'hey marcus'
2026-09-08 12:29:29 | DEBUG   | listener             | Audio was unintelligible.
2026-09-08 12:29:39 | INFO    | listener             | Heard: 'hemoglobin brightness'
2026-09-08 12:29:42 | DEBUG   | listener             | Audio was unintelligible.
2026-09-08 12:29:48 | INFO    | listener             | Heard: 'off the Wi-Fi'
2026-09-08 12:29:53 | INFO    | ui.app               | Sidebar section selected: Apps
2026-09-08 12:29:54 | INFO    | ui.app               | Sidebar section selected: Tools
2026-09-08 12:29:55 | INFO    | ui.app               | Sidebar section selected: Home
2026-09-08 12:30:25 | INFO    | ui.app               | Sidebar section selected: Home
2026-09-08 12:30:25 | INFO    | listener             | Calibrating for ambient noise (stay quiet for a moment)...
2026-09-08 12:30:27 | INFO    | listener             | Calibration done. Energy threshold set to 17.9
2026-09-08 12:30:27 | INFO    | speaker              | SPEAK: Marcus is online and ready.
2026-09-08 12:30:30 | INFO    | __main__             | Marcus started. Wake word: 'hey marcus'
2026-09-08 12:30:44 | INFO    | ui.app               | Sidebar section selected: Home
2026-09-08 12:30:45 | INFO    | listener             | Calibrating for ambient noise (stay quiet for a moment)...
2026-09-08 12:30:46 | INFO    | listener             | Calibration done. Energy threshold set to 17.9
2026-09-08 12:30:46 | INFO    | speaker              | SPEAK: Marcus is online and ready.
2026-09-08 12:30:50 | INFO    | __main__             | Marcus started. Wake word: 'hey marcus'
2026-09-08 12:31:10 | INFO    | listener             | Heard: 'open Chrome'
2026-09-08 12:31:15 | INFO    | listener             | Heard: 'game Marcus'
2026-09-08 12:31:20 | INFO    | listener             | Heard: 'open Chrome'
2026-09-08 12:31:26 | DEBUG   | listener             | Audio was unintelligible.
2026-09-08 12:31:34 | INFO    | listener             | Heard: 'Mr bus'
2026-09-08 12:31:38 | DEBUG   | listener             | Audio was unintelligible.
2026-09-08 12:33:09 | INFO    | ui.app               | Sidebar section selected: Home
2026-09-08 12:33:15 | INFO    | ui.app               | Sidebar section selected: Home
2026-09-08 12:33:15 | INFO    | listener             | Calibrating for ambient noise (stay quiet for a moment)...
2026-09-08 12:33:17 | INFO    | listener             | Calibration done. Energy threshold set to 17.9
2026-09-08 12:33:17 | INFO    | speaker              | SPEAK: Marcus is online and ready.
2026-09-08 12:33:21 | INFO    | __main__             | Marcus started. Wake word: 'hey marcus'
2026-09-08 12:33:34 | INFO    | listener             | Heard: 'open Chrome'
2026-09-08 12:33:48 | INFO    | listener             | Calibrating for ambient noise (stay quiet for a moment)...
2026-09-08 12:33:49 | INFO    | ui.app               | Sidebar section selected: Home
2026-09-08 12:33:50 | INFO    | listener             | Calibration done. Energy threshold set to 17.9
2026-09-08 12:33:50 | INFO    | speaker              | SPEAK: Marcus is online and ready.
2026-09-08 12:33:54 | INFO    | __main__             | Marcus started. Wake word: 'hey marcus'
2026-09-08 12:44:58 | INFO    | ui.app               | Sidebar section selected: Home
2026-09-08 12:45:05 | INFO    | ui.app               | Sidebar section selected: Home
2026-09-08 12:45:06 | INFO    | listener             | Calibrating for ambient noise (stay quiet for a moment)...
2026-09-08 12:45:07 | INFO    | listener             | Calibration done. Energy threshold set to 17.9
2026-09-08 12:45:07 | INFO    | speaker              | SPEAK: Marcus is online and ready.
2026-09-08 12:45:11 | INFO    | __main__             | Marcus started. Wake word: 'hey marcus'
2026-09-08 12:45:18 | DEBUG   | listener             | Audio was unintelligible.
2026-09-08 12:45:25 | DEBUG   | listener             | Audio was unintelligible.
2026-09-08 12:45:29 | INFO    | listener             | Heard: 'open Chrome'
2026-09-08 12:45:34 | DEBUG   | listener             | Audio was unintelligible.
2026-09-08 12:45:39 | DEBUG   | listener             | Audio was unintelligible.
2026-09-08 12:45:44 | INFO    | listener             | Heard: 'brightness of'
2026-09-08 12:45:51 | DEBUG   | listener             | Audio was unintelligible.
2026-09-08 12:45:55 | DEBUG   | listener             | Audio was unintelligible.
2026-09-08 12:46:02 | INFO    | listener             | Heard: 'volume'
2026-09-08 12:47:03 | INFO    | ui.app               | Sidebar section selected: Home
2026-09-08 12:47:17 | INFO    | ui.app               | Sidebar section selected: Home
2026-09-08 12:47:37 | INFO    | listener             | Calibrating for ambient noise (stay quiet for a moment)...
2026-09-08 12:47:39 | INFO    | listener             | Calibration done. Energy threshold set to 210.6
2026-09-08 12:47:39 | INFO    | speaker              | SPEAK: Marcus is online and ready.
2026-09-08 12:47:41 | INFO    | __main__             | Marcus started. Wake word: 'hey marcus'
2026-09-08 12:47:46 | DEBUG   | listener             | Audio was unintelligible.
2026-09-08 12:47:55 | DEBUG   | listener             | Audio was unintelligible.
2026-09-08 12:48:01 | DEBUG   | listener             | Audio was unintelligible.
2026-09-08 12:48:06 | INFO    | listener             | Heard: 'amorphous'
2026-09-08 12:48:11 | DEBUG   | listener             | Audio was unintelligible.
2026-09-08 12:48:15 | INFO    | listener             | Heard: 'Marcus'
2026-09-08 12:48:21 | DEBUG   | listener             | Audio was unintelligible.
2026-09-08 12:48:27 | DEBUG   | listener             | Audio was unintelligible.
2026-09-08 12:48:32 | DEBUG   | listener             | Audio was unintelligible.
2026-09-08 12:48:36 | DEBUG   | listener             | Audio was unintelligible.
2026-09-08 12:49:28 | INFO    | ui.app               | Sidebar section selected: Home
2026-09-08 12:49:59 | INFO    | ui.app               | Sidebar section selected: Home
2026-09-08 12:50:06 | INFO    | ui.app               | Sidebar section selected: Home
2026-09-08 12:50:07 | INFO    | ui.app               | Sidebar section selected: Tools
2026-09-08 12:50:07 | INFO    | ui.app               | Sidebar section selected: Home
2026-09-08 12:50:26 | INFO    | ui.app               | Sidebar section selected: Home
2026-09-08 12:50:28 | INFO    | ui.app               | Sidebar section selected: Tools
2026-09-08 12:50:34 | INFO    | ui.app               | Sidebar section selected: Home
2026-09-08 12:50:46 | INFO    | ui.app               | Sidebar section selected: Tools
2026-09-08 12:51:18 | INFO    | intent_parser        | Parsing command: 'volume up'
2026-09-08 12:51:18 | INFO    | commands.system      | Volume set to 95%
2026-09-08 12:51:18 | INFO    | intent_parser        | Command handled -> Volume set to 95 percent.
2026-09-08 12:51:18 | INFO    | speaker              | SPEAK: Volume set to 95 percent.
2026-09-08 12:51:22 | INFO    | intent_parser        | Parsing command: 'volume up'
2026-09-08 12:51:22 | INFO    | commands.system      | Volume set to 100%
2026-09-08 12:51:22 | INFO    | intent_parser        | Command handled -> Volume set to 100 percent.
2026-09-08 12:51:22 | INFO    | speaker              | SPEAK: Volume set to 100 percent.
2026-09-08 12:51:24 | INFO    | intent_parser        | Parsing command: 'volume up'
2026-09-08 12:51:24 | INFO    | commands.system      | Volume set to 100%
2026-09-08 12:51:24 | INFO    | intent_parser        | Command handled -> Volume set to 100 percent.
2026-09-08 12:51:26 | INFO    | speaker              | SPEAK: Volume set to 100 percent.
2026-09-08 12:51:29 | INFO    | intent_parser        | Parsing command: 'volume down'
2026-09-08 12:51:29 | INFO    | commands.system      | Volume set to 90%
2026-09-08 12:51:29 | INFO    | intent_parser        | Command handled -> Volume set to 90 percent.
2026-09-08 12:51:30 | INFO    | speaker              | SPEAK: Volume set to 90 percent.
2026-09-08 12:51:32 | INFO    | intent_parser        | Parsing command: 'volume down'
2026-09-08 12:51:32 | INFO    | commands.system      | Volume set to 80%
2026-09-08 12:51:32 | INFO    | intent_parser        | Command handled -> Volume set to 80 percent.
2026-09-08 12:51:34 | INFO    | speaker              | SPEAK: Volume set to 80 percent.
2026-09-08 12:51:34 | INFO    | intent_parser        | Parsing command: 'volume down'
2026-09-08 12:51:34 | INFO    | commands.system      | Volume set to 75%
2026-09-08 12:51:34 | INFO    | intent_parser        | Command handled -> Volume set to 75 percent.
2026-09-08 12:51:36 | INFO    | speaker              | SPEAK: Volume set to 75 percent.
2026-09-08 12:51:36 | ERROR   | speaker              | TTS failed to speak text: 'Volume set to 75 percent.'
Traceback (most recent call last):
  File "c:\Users\RaoUmar\Desktop\Marcus PC Assistant\marcus\speaker.py", line 91, in speak
    self.engine.runAndWait()
  File "D:\Python\Lib\site-packages\pyttsx3\engine.py", line 177, in runAndWait
    raise RuntimeError('run loop already started')
RuntimeError: run loop already started
2026-09-08 12:51:38 | INFO    | intent_parser        | Parsing command: 'mute'
2026-09-08 12:51:38 | INFO    | commands.system      | Volume muted.
2026-09-08 12:51:38 | INFO    | intent_parser        | Command handled -> Muted.
2026-09-08 12:51:41 | INFO    | speaker              | SPEAK: Muted.
2026-09-08 12:51:44 | INFO    | intent_parser        | Parsing command: 'mute'
2026-09-08 12:51:44 | INFO    | commands.system      | Volume muted.
2026-09-08 12:51:44 | INFO    | intent_parser        | Command handled -> Muted.
2026-09-08 12:51:44 | INFO    | speaker              | SPEAK: Muted.
2026-09-08 12:52:15 | INFO    | intent_parser        | Parsing command: 'search youtube for channa mereya'
2026-09-08 12:52:15 | INFO    | commands.media_web   | YouTube search: channa mereya
2026-09-08 12:52:15 | INFO    | intent_parser        | Command handled -> Searching YouTube for channa mereya.
2026-09-08 12:52:17 | INFO    | speaker              | SPEAK: Searching YouTube for channa mereya.
2026-09-08 12:52:23 | INFO    | intent_parser        | Parsing command: 'set a timer for 10 minutes'
2026-09-08 12:52:23 | INFO    | commands.productivity | Timer started: 10 minute (10.0 min)
2026-09-08 12:52:23 | INFO    | intent_parser        | Command handled -> Timer set for 10 minute.
2026-09-08 12:52:24 | INFO    | speaker              | SPEAK: Timer set for 10 minute.
2026-09-08 12:52:31 | INFO    | ui.app               | Sidebar section selected: Apps
2026-09-08 12:52:36 | INFO    | listener             | Calibrating for ambient noise (stay quiet for a moment)...
2026-09-08 12:52:38 | INFO    | listener             | Calibration done. Energy threshold set to 130.6
2026-09-08 12:52:38 | INFO    | speaker              | SPEAK: Marcus is online and ready.
2026-09-08 12:52:40 | INFO    | ui.app               | Sidebar section selected: Home
2026-09-08 12:52:41 | INFO    | __main__             | Marcus started. Wake word: 'hey marcus'
2026-09-08 12:52:42 | INFO    | ui.app               | Sidebar section selected: Apps
2026-09-08 12:52:43 | INFO    | ui.app               | Sidebar section selected: Settings
2026-09-08 12:52:55 | DEBUG   | listener             | Audio was unintelligible.
2026-09-08 12:55:34 | INFO    | ui.app               | Sidebar section selected: Home
2026-09-08 12:55:58 | INFO    | ui.app               | Sidebar section selected: Tools
2026-09-08 13:00:16 | INFO    | ui.app               | Sidebar section selected: Home
2026-09-08 13:01:03 | INFO    | ui.app               | Sidebar section selected: Home
2026-09-08 13:08:26 | INFO    | listener             | Calibrating for ambient noise (stay quiet for a moment)...
2026-09-08 13:08:28 | INFO    | listener             | Calibration done. Energy threshold set to 18.4
2026-09-08 13:08:28 | INFO    | speaker              | SPEAK: Marcus is online and ready.
2026-09-08 13:08:30 | INFO    | __main__             | Marcus started. Wake word: 'hey marcus'
2026-09-08 13:08:38 | DEBUG   | listener             | Audio was unintelligible.
2026-09-08 13:08:42 | INFO    | ui.app               | Sidebar section selected: Apps
2026-09-08 13:08:44 | DEBUG   | listener             | Audio was unintelligible.
2026-09-08 13:09:04 | INFO    | intent_parser        | Parsing command: 'volume up'
2026-09-08 13:09:04 | INFO    | commands.system      | Volume set to 100%
2026-09-08 13:09:04 | INFO    | intent_parser        | Command handled -> Volume set to 100 percent.
2026-09-08 13:09:04 | INFO    | speaker              | SPEAK: Volume set to 100 percent.
2026-09-08 13:09:10 | DEBUG   | listener             | Audio was unintelligible.
2026-09-08 13:09:12 | INFO    | intent_parser        | Parsing command: 'volume down'
2026-09-08 13:09:12 | INFO    | commands.system      | Volume set to 90%
2026-09-08 13:09:12 | INFO    | intent_parser        | Command handled -> Volume set to 90 percent.
2026-09-08 13:09:13 | INFO    | speaker              | SPEAK: Volume set to 90 percent.
2026-09-08 13:09:16 | INFO    | ui.app               | Sidebar section selected: Tools
2026-09-08 13:09:18 | INFO    | ui.app               | Sidebar section selected: Tools
2026-09-08 13:09:18 | DEBUG   | listener             | Audio was unintelligible.
2026-09-08 13:09:22 | DEBUG   | listener             | Audio was unintelligible.
2026-09-08 13:09:30 | DEBUG   | listener             | Audio was unintelligible.
2026-09-08 13:09:36 | INFO    | ui.app               | Sidebar section selected: Settings
2026-09-08 13:09:37 | DEBUG   | listener             | Audio was unintelligible.
2026-09-08 13:09:43 | DEBUG   | listener             | Audio was unintelligible.
2026-09-08 13:10:05 | INFO    | ui.app               | Sidebar section selected: Home
2026-09-08 13:10:06 | DEBUG   | listener             | Audio was unintelligible.
2026-09-08 13:10:56 | DEBUG   | listener             | Audio was unintelligible.
2026-09-08 13:11:03 | DEBUG   | listener             | Audio was unintelligible.
2026-09-08 13:11:07 | DEBUG   | listener             | Audio was unintelligible.
2026-09-08 13:11:12 | DEBUG   | listener             | Audio was unintelligible.
2026-09-08 13:11:24 | DEBUG   | listener             | Audio was unintelligible.
2026-09-08 13:11:29 | DEBUG   | listener             | Audio was unintelligible.
2026-09-08 13:11:33 | DEBUG   | listener             | Audio was unintelligible.
2026-09-08 13:11:37 | DEBUG   | listener             | Audio was unintelligible.
2026-09-08 13:11:42 | DEBUG   | listener             | Audio was unintelligible.
2026-09-08 13:12:06 | DEBUG   | listener             | Audio was unintelligible.
2026-09-08 13:12:12 | DEBUG   | listener             | Audio was unintelligible.
2026-09-08 13:12:16 | DEBUG   | listener             | Audio was unintelligible.
2026-09-08 13:12:21 | INFO    | listener             | Heard: 'school ka result'
2026-09-08 13:12:26 | DEBUG   | listener             | Audio was unintelligible.
2026-09-08 13:12:30 | DEBUG   | listener             | Audio was unintelligible.
2026-09-08 13:12:36 | DEBUG   | listener             | Audio was unintelligible.
2026-09-08 13:12:39 | DEBUG   | listener             | Audio was unintelligible.
2026-09-08 13:12:43 | DEBUG   | listener             | Audio was unintelligible.
2026-09-08 13:12:47 | DEBUG   | listener             | Audio was unintelligible.
2026-09-08 13:12:53 | DEBUG   | listener             | Audio was unintelligible.
2026-09-08 13:13:42 | DEBUG   | listener             | Audio was unintelligible.
2026-09-08 13:15:22 | INFO    | ui.app               | Sidebar section selected: Home
2026-09-08 13:15:50 | INFO    | ui.app               | Sidebar section selected: Home
2026-09-08 13:16:59 | INFO    | ui.app               | Sidebar section selected: Home
2026-09-08 13:17:05 | INFO    | ui.app               | Sidebar section selected: Manual
2026-09-08 13:17:06 | INFO    | ui.app               | Sidebar section selected: Tools
2026-09-08 13:17:07 | INFO    | ui.app               | Sidebar section selected: Settings
2026-09-08 13:17:08 | INFO    | ui.app               | Sidebar section selected: Tools
2026-09-08 13:17:09 | INFO    | ui.app               | Sidebar section selected: Tools
2026-09-08 13:17:10 | INFO    | ui.app               | Sidebar section selected: Manual
2026-09-08 13:18:34 | INFO    | ui.app               | Sidebar section selected: Home
2026-09-08 13:18:52 | INFO    | ui.app               | Sidebar section selected: Home
2026-09-08 13:20:11 | INFO    | ui.app               | Sidebar section selected: Home
2026-09-08 13:20:17 | INFO    | ui.app               | Sidebar section selected: Manual
2026-09-08 13:20:18 | INFO    | ui.app               | Sidebar section selected: Tools
2026-09-08 13:20:19 | INFO    | ui.app               | Sidebar section selected: Settings
2026-09-08 13:20:21 | INFO    | ui.app               | Sidebar section selected: Manual
2026-09-08 13:21:59 | INFO    | ui.app               | Sidebar section selected: Home
2026-09-08 13:22:16 | INFO    | ui.app               | Sidebar section selected: Tools
2026-09-08 13:22:17 | INFO    | intent_parser        | Parsing command: 'volume up'
2026-09-08 13:22:17 | INFO    | commands.system      | Volume set to 100%
2026-09-08 13:22:17 | INFO    | intent_parser        | Command handled -> Volume set to 100 percent.
2026-09-08 13:22:17 | INFO    | speaker              | SPEAK: Volume set to 100 percent.
2026-09-08 13:22:18 | INFO    | intent_parser        | Parsing command: 'mute'
2026-09-08 13:22:18 | INFO    | commands.system      | Volume muted.
2026-09-08 13:22:18 | INFO    | intent_parser        | Command handled -> Muted.
2026-09-08 13:22:18 | INFO    | speaker              | SPEAK: Muted.
2026-09-08 13:22:19 | INFO    | intent_parser        | Parsing command: 'brightness up'
2026-09-08 13:22:19 | INFO    | commands.system      | Brightness set to 100%
2026-09-08 13:22:19 | INFO    | intent_parser        | Command handled -> Brightness set to 100 percent.
2026-09-08 13:22:19 | INFO    | speaker              | SPEAK: Brightness set to 100 percent.
2026-09-08 13:22:21 | INFO    | intent_parser        | Parsing command: 'brightness down'
2026-09-08 13:22:21 | INFO    | commands.system      | Brightness set to 90%
2026-09-08 13:22:21 | INFO    | intent_parser        | Command handled -> Brightness set to 90 percent.
2026-09-08 13:22:21 | INFO    | speaker              | SPEAK: Brightness set to 90 percent.
2026-09-08 13:22:22 | INFO    | intent_parser        | Parsing command: 'brightness down'
2026-09-08 13:22:22 | INFO    | commands.system      | Brightness set to 80%
2026-09-08 13:22:22 | INFO    | intent_parser        | Command handled -> Brightness set to 80 percent.
2026-09-08 13:22:22 | INFO    | speaker              | SPEAK: Brightness set to 80 percent.
2026-09-08 13:22:23 | INFO    | intent_parser        | Parsing command: 'brightness down'
2026-09-08 13:22:23 | INFO    | commands.system      | Brightness set to 70%
2026-09-08 13:22:23 | INFO    | intent_parser        | Command handled -> Brightness set to 70 percent.
2026-09-08 13:22:23 | INFO    | speaker              | SPEAK: Brightness set to 70 percent.
2026-09-08 13:22:23 | INFO    | intent_parser        | Parsing command: 'brightness down'
2026-09-08 13:22:23 | INFO    | commands.system      | Brightness set to 60%
2026-09-08 13:22:23 | INFO    | intent_parser        | Command handled -> Brightness set to 60 percent.
2026-09-08 13:22:23 | INFO    | speaker              | SPEAK: Brightness set to 60 percent.
2026-09-08 13:22:23 | INFO    | intent_parser        | Parsing command: 'brightness down'
2026-09-08 13:22:23 | INFO    | commands.system      | Brightness set to 50%
2026-09-08 13:22:23 | INFO    | intent_parser        | Command handled -> Brightness set to 50 percent.
2026-09-08 13:22:23 | INFO    | speaker              | SPEAK: Brightness set to 50 percent.
2026-09-08 13:22:23 | INFO    | intent_parser        | Parsing command: 'brightness down'
2026-09-08 13:22:23 | INFO    | commands.system      | Brightness set to 40%
2026-09-08 13:22:23 | INFO    | intent_parser        | Command handled -> Brightness set to 40 percent.
2026-09-08 13:22:23 | INFO    | speaker              | SPEAK: Brightness set to 40 percent.
2026-09-08 13:22:23 | INFO    | intent_parser        | Parsing command: 'brightness down'
2026-09-08 13:22:23 | INFO    | commands.system      | Brightness set to 30%
2026-09-08 13:22:23 | INFO    | intent_parser        | Command handled -> Brightness set to 30 percent.
2026-09-08 13:22:23 | INFO    | speaker              | SPEAK: Brightness set to 30 percent.
2026-09-08 13:22:24 | INFO    | intent_parser        | Parsing command: 'brightness down'
2026-09-08 13:22:24 | INFO    | commands.system      | Brightness set to 20%
2026-09-08 13:22:24 | INFO    | intent_parser        | Command handled -> Brightness set to 20 percent.
2026-09-08 13:22:24 | INFO    | speaker              | SPEAK: Brightness set to 20 percent.
2026-09-08 13:22:24 | INFO    | intent_parser        | Parsing command: 'brightness up'
2026-09-08 13:22:24 | INFO    | commands.system      | Brightness set to 30%
2026-09-08 13:22:24 | INFO    | intent_parser        | Command handled -> Brightness set to 30 percent.
2026-09-08 13:22:25 | INFO    | speaker              | SPEAK: Brightness set to 30 percent.
2026-09-08 13:22:25 | INFO    | intent_parser        | Parsing command: 'brightness up'
2026-09-08 13:22:25 | INFO    | commands.system      | Brightness set to 40%
2026-09-08 13:22:25 | INFO    | intent_parser        | Command handled -> Brightness set to 40 percent.
2026-09-08 13:22:25 | INFO    | speaker              | SPEAK: Brightness set to 40 percent.
2026-09-08 13:22:25 | INFO    | intent_parser        | Parsing command: 'brightness up'
2026-09-08 13:22:25 | INFO    | intent_parser        | Parsing command: 'brightness up'
2026-09-08 13:22:25 | INFO    | commands.system      | Brightness set to 50%
2026-09-08 13:22:25 | INFO    | intent_parser        | Command handled -> Brightness set to 50 percent.
2026-09-08 13:22:25 | INFO    | speaker              | SPEAK: Brightness set to 50 percent.
2026-09-08 13:22:25 | INFO    | commands.system      | Brightness set to 50%
2026-09-08 13:22:25 | INFO    | intent_parser        | Command handled -> Brightness set to 50 percent.
2026-09-08 13:22:25 | INFO    | speaker              | SPEAK: Brightness set to 50 percent.
2026-09-08 13:22:26 | INFO    | intent_parser        | Parsing command: 'brightness up'
2026-09-08 13:22:27 | INFO    | commands.system      | Brightness set to 60%
2026-09-08 13:22:27 | INFO    | intent_parser        | Command handled -> Brightness set to 60 percent.
2026-09-08 13:22:27 | INFO    | speaker              | SPEAK: Brightness set to 60 percent.
2026-09-08 13:22:27 | INFO    | intent_parser        | Parsing command: 'brightness up'
2026-09-08 13:22:27 | INFO    | intent_parser        | Parsing command: 'brightness up'
2026-09-08 13:22:27 | INFO    | commands.system      | Brightness set to 70%
2026-09-08 13:22:27 | INFO    | intent_parser        | Command handled -> Brightness set to 70 percent.
2026-09-08 13:22:27 | INFO    | speaker              | SPEAK: Brightness set to 70 percent.
2026-09-08 13:22:27 | INFO    | commands.system      | Brightness set to 70%
2026-09-08 13:22:27 | INFO    | intent_parser        | Command handled -> Brightness set to 70 percent.
2026-09-08 13:22:27 | INFO    | speaker              | SPEAK: Brightness set to 70 percent.
2026-09-08 13:22:31 | INFO    | intent_parser        | Parsing command: 'check wifi'
2026-09-08 13:22:32 | INFO    | intent_parser        | Command handled -> Wi-Fi is connected to Rao Bader.
2026-09-08 13:22:32 | INFO    | speaker              | SPEAK: Wi-Fi is connected to Rao Bader.
2026-09-08 13:22:34 | INFO    | ui.app               | Sidebar section selected: Home
2026-09-08 13:22:43 | INFO    | ui.app               | Sidebar section selected: Tools
2026-09-08 13:22:57 | INFO    | ui.app               | Sidebar section selected: Manual
2026-09-08 13:23:25 | INFO    | ui.app               | Sidebar section selected: Settings
2026-09-08 13:23:35 | INFO    | ui.app               | Sidebar section selected: Home
2026-09-08 13:23:40 | INFO    | listener             | Calibrating for ambient noise (stay quiet for a moment)...
2026-09-08 13:23:41 | INFO    | listener             | Calibration done. Energy threshold set to 87.4
2026-09-08 13:23:41 | INFO    | speaker              | SPEAK: Marcus is online and ready.
2026-09-08 13:23:44 | INFO    | __main__             | Marcus started. Wake word: 'hey marcus'
2026-09-08 17:24:30 | INFO    | ui.app               | Sidebar section selected: Home
2026-09-08 17:24:40 | INFO    | listener             | Calibrating for ambient noise (stay quiet for a moment)...
2026-09-08 17:24:42 | INFO    | listener             | Calibration done. Energy threshold set to 19.7
2026-09-08 17:24:42 | INFO    | speaker              | SPEAK: Marcus is online and ready.
2026-09-08 17:24:45 | INFO    | __main__             | Marcus started. Wake word: 'hey marcus'
2026-09-08 17:24:47 | INFO    | ui.app               | Sidebar section selected: Manual
2026-09-08 17:24:49 | INFO    | ui.app               | Sidebar section selected: Tools
2026-09-08 17:24:49 | ERROR   | listener             | Google Speech API request failed (check internet): recognition connection failed: [Errno 11001] getaddrinfo failed
2026-09-08 17:24:50 | INFO    | intent_parser        | Parsing command: 'volume up'
2026-09-08 17:24:50 | INFO    | commands.system      | Volume set to 100%
2026-09-08 17:24:50 | INFO    | intent_parser        | Command handled -> Volume set to 100 percent.
2026-09-08 17:24:50 | INFO    | speaker              | SPEAK: Volume set to 100 percent.
2026-09-08 17:24:50 | INFO    | intent_parser        | Parsing command: 'volume up'
2026-09-08 17:24:50 | INFO    | commands.system      | Volume set to 100%
2026-09-08 17:24:50 | INFO    | intent_parser        | Command handled -> Volume set to 100 percent.
2026-09-08 17:24:50 | INFO    | speaker              | SPEAK: Volume set to 100 percent.
2026-09-08 17:24:50 | INFO    | intent_parser        | Parsing command: 'volume up'
2026-09-08 17:24:50 | INFO    | commands.system      | Volume set to 100%
2026-09-08 17:24:50 | INFO    | intent_parser        | Command handled -> Volume set to 100 percent.
2026-09-08 17:24:50 | INFO    | speaker              | SPEAK: Volume set to 100 percent.
2026-09-08 17:24:50 | INFO    | intent_parser        | Parsing command: 'volume up'
2026-09-08 17:24:50 | INFO    | commands.system      | Volume set to 100%
2026-09-08 17:24:50 | INFO    | intent_parser        | Command handled -> Volume set to 100 percent.
2026-09-08 17:24:50 | INFO    | speaker              | SPEAK: Volume set to 100 percent.
2026-09-08 17:24:50 | INFO    | intent_parser        | Parsing command: 'volume up'
2026-09-08 17:24:50 | INFO    | commands.system      | Volume set to 100%
2026-09-08 17:24:50 | INFO    | intent_parser        | Command handled -> Volume set to 100 percent.
2026-09-08 17:24:50 | INFO    | speaker              | SPEAK: Volume set to 100 percent.
2026-09-08 17:24:51 | INFO    | intent_parser        | Parsing command: 'volume up'
2026-09-08 17:24:51 | INFO    | commands.system      | Volume set to 100%
2026-09-08 17:24:51 | INFO    | intent_parser        | Command handled -> Volume set to 100 percent.
2026-09-08 17:24:51 | INFO    | speaker              | SPEAK: Volume set to 100 percent.
2026-09-08 17:24:51 | INFO    | intent_parser        | Parsing command: 'volume up'
2026-09-08 17:24:51 | INFO    | commands.system      | Volume set to 100%
2026-09-08 17:24:51 | INFO    | intent_parser        | Command handled -> Volume set to 100 percent.
2026-09-08 17:24:51 | INFO    | speaker              | SPEAK: Volume set to 100 percent.
2026-09-08 17:24:51 | INFO    | intent_parser        | Parsing command: 'volume up'
2026-09-08 17:24:51 | INFO    | commands.system      | Volume set to 100%
2026-09-08 17:24:51 | INFO    | intent_parser        | Command handled -> Volume set to 100 percent.
2026-09-08 17:24:51 | INFO    | speaker              | SPEAK: Volume set to 100 percent.
2026-09-08 17:24:53 | INFO    | intent_parser        | Parsing command: 'mute'
2026-09-08 17:24:53 | INFO    | commands.system      | Volume muted.
2026-09-08 17:24:53 | INFO    | intent_parser        | Command handled -> Muted.
2026-09-08 17:24:53 | INFO    | speaker              | SPEAK: Muted.
2026-09-08 17:24:55 | INFO    | intent_parser        | Parsing command: 'volume down'
2026-09-08 17:24:55 | INFO    | commands.system      | Volume set to 90%
2026-09-08 17:24:55 | INFO    | intent_parser        | Command handled -> Volume set to 90 percent.
2026-09-08 17:24:55 | INFO    | speaker              | SPEAK: Volume set to 90 percent.
2026-09-08 17:24:56 | ERROR   | listener             | Google Speech API request failed (check internet): recognition connection failed: [Errno 11001] getaddrinfo failed
2026-09-08 17:24:57 | INFO    | intent_parser        | Parsing command: 'volume up'
2026-09-08 17:24:57 | INFO    | commands.system      | Volume set to 100%
2026-09-08 17:24:57 | INFO    | intent_parser        | Command handled -> Volume set to 100 percent.
2026-09-08 17:24:57 | INFO    | speaker              | SPEAK: Volume set to 100 percent.
2026-09-08 17:24:58 | ERROR   | listener             | Google Speech API request failed (check internet): recognition connection failed: [Errno 11001] getaddrinfo failed
2026-09-08 17:25:03 | ERROR   | listener             | Google Speech API request failed (check internet): recognition connection failed: [Errno 11001] getaddrinfo failed
2026-09-08 17:25:06 | ERROR   | listener             | Google Speech API request failed (check internet): recognition connection failed: [Errno 11001] getaddrinfo failed
2026-09-08 17:25:08 | ERROR   | listener             | Google Speech API request failed (check internet): recognition connection failed: [Errno 11001] getaddrinfo failed
2026-09-08 17:25:12 | ERROR   | listener             | Google Speech API request failed (check internet): recognition connection failed: [Errno 11001] getaddrinfo failed
2026-09-08 17:25:15 | ERROR   | listener             | Google Speech API request failed (check internet): recognition connection failed: [Errno 11001] getaddrinfo failed
2026-09-08 17:25:18 | ERROR   | listener             | Google Speech API request failed (check internet): recognition connection failed: [Errno 11001] getaddrinfo failed
2026-09-08 17:25:22 | ERROR   | listener             | Google Speech API request failed (check internet): recognition connection failed: [Errno 11001] getaddrinfo failed
2026-09-08 17:25:23 | INFO    | ui.app               | Sidebar section selected: Home
2026-09-08 17:25:25 | ERROR   | listener             | Google Speech API request failed (check internet): recognition connection failed: [Errno 11001] getaddrinfo failed
2026-09-08 17:25:29 | ERROR   | listener             | Google Speech API request failed (check internet): recognition connection failed: [Errno 11001] getaddrinfo failed
2026-09-08 17:25:33 | ERROR   | listener             | Google Speech API request failed (check internet): recognition connection failed: [Errno 11001] getaddrinfo failed
2026-09-08 17:25:37 | ERROR   | listener             | Google Speech API request failed (check internet): recognition connection failed: [Errno 11001] getaddrinfo failed
2026-09-08 17:25:42 | ERROR   | listener             | Google Speech API request failed (check internet): recognition connection failed: [Errno 11001] getaddrinfo failed
2026-09-08 17:26:00 | DEBUG   | listener             | Audio was unintelligible.
2026-09-08 17:26:08 | INFO    | ui.app               | Sidebar section selected: Home
2026-09-08 17:26:24 | INFO    | listener             | Calibrating for ambient noise (stay quiet for a moment)...
2026-09-08 17:26:26 | INFO    | listener             | Calibration done. Energy threshold set to 26.2
2026-09-08 17:26:26 | INFO    | speaker              | SPEAK: Marcus is online and ready.
2026-09-08 17:26:28 | INFO    | __main__             | Marcus started. Wake word: 'hey marcus'
2026-09-08 17:26:34 | DEBUG   | listener             | Audio was unintelligible.
2026-09-08 17:26:38 | INFO    | listener             | Heard: 'Circus'
2026-09-08 17:26:47 | INFO    | listener             | Heard: 'volume up'
2026-09-08 17:26:59 | INFO    | listener             | Heard: 'volume down'
2026-09-08 17:27:05 | INFO    | listener             | Heard: 'brightness'
2026-09-08 17:27:09 | INFO    | listener             | Heard: 'mute'
2026-09-08 17:27:12 | DEBUG   | listener             | Audio was unintelligible.
2026-09-08 17:27:21 | INFO    | ui.app               | Sidebar section selected: Tools
2026-09-08 17:27:22 | INFO    | intent_parser        | Parsing command: 'mute'
2026-09-08 17:27:22 | INFO    | commands.system      | Volume muted.
2026-09-08 17:27:22 | INFO    | intent_parser        | Command handled -> Muted.
2026-09-08 17:27:22 | INFO    | speaker              | SPEAK: Muted.
2026-09-08 17:27:23 | INFO    | intent_parser        | Parsing command: 'mute'
2026-09-08 17:27:23 | INFO    | commands.system      | Volume muted.
2026-09-08 17:27:23 | INFO    | intent_parser        | Command handled -> Muted.
2026-09-08 17:27:23 | INFO    | speaker              | SPEAK: Muted.
2026-09-08 17:27:24 | INFO    | intent_parser        | Parsing command: 'volume up'
2026-09-08 17:27:24 | INFO    | commands.system      | Volume set to 100%
2026-09-08 17:27:24 | INFO    | intent_parser        | Command handled -> Volume set to 100 percent.
2026-09-08 17:27:24 | INFO    | speaker              | SPEAK: Volume set to 100 percent.
2026-09-08 17:27:34 | INFO    | intent_parser        | Parsing command: 'minimize'
2026-09-08 17:27:34 | INFO    | intent_parser        | Command handled -> Minimized Marcus — PC Assistant.
2026-09-08 17:27:34 | INFO    | speaker              | SPEAK: Minimized Marcus — PC Assistant.
2026-09-08 17:27:38 | INFO    | intent_parser        | Parsing command: 'maximize'
2026-09-08 17:27:38 | INFO    | intent_parser        | Command handled -> Maximized Marcus — PC Assistant.
2026-09-08 17:27:38 | INFO    | speaker              | SPEAK: Maximized Marcus — PC Assistant.
2026-09-08 17:27:40 | INFO    | intent_parser        | Parsing command: 'restore'
2026-09-08 17:27:40 | INFO    | intent_parser        | No pattern matched for: 'restore'
2026-09-08 17:27:40 | INFO    | speaker              | SPEAK: I'm not sure how to do that yet.
2026-09-08 17:27:43 | DEBUG   | listener             | Audio was unintelligible.
2026-09-08 17:27:44 | INFO    | intent_parser        | Parsing command: 'take a screenshot'
2026-09-08 17:27:44 | INFO    | commands.system      | Screenshot saved: C:\Users\RaoUmar\Pictures\Marcus_Screenshots\screenshot_2026-09-08_17-27-44.png
2026-09-08 17:27:44 | INFO    | intent_parser        | Command handled -> Screenshot saved as screenshot_2026-09-08_17-27-44.png.
2026-09-08 17:27:44 | INFO    | speaker              | SPEAK: Screenshot saved as screenshot_2026-09-08_17-27-44.png.
2026-09-08 17:27:47 | DEBUG   | listener             | Audio was unintelligible.
2026-09-08 17:27:50 | INFO    | intent_parser        | Parsing command: 'open camera'
2026-09-08 17:27:51 | INFO    | commands.system      | Opened Windows Camera app.
2026-09-08 17:27:51 | INFO    | intent_parser        | Command handled -> Opening the camera.
2026-09-08 17:27:51 | INFO    | speaker              | SPEAK: Opening the camera.
2026-09-08 17:27:55 | DEBUG   | listener             | Audio was unintelligible.
2026-09-08 17:27:57 | INFO    | intent_parser        | Parsing command: 'open camera'
2026-09-08 17:27:57 | INFO    | commands.system      | Opened Windows Camera app.
2026-09-08 17:27:57 | INFO    | intent_parser        | Command handled -> Opening the camera.
2026-09-08 17:27:57 | INFO    | speaker              | SPEAK: Opening the camera.
2026-09-08 17:28:01 | INFO    | intent_parser        | Parsing command: 'close camera'
2026-09-08 17:28:01 | INFO    | commands.system      | Closed Windows Camera app.
2026-09-08 17:28:01 | INFO    | intent_parser        | Command handled -> Closing the camera.
2026-09-08 17:28:01 | DEBUG   | listener             | Audio was unintelligible.
2026-09-08 17:28:01 | INFO    | speaker              | SPEAK: Closing the camera.
2026-09-08 17:28:03 | INFO    | intent_parser        | Parsing command: 'lock the screen'
2026-09-08 17:28:03 | INFO    | commands.system      | Screen locked.
2026-09-08 17:28:03 | INFO    | intent_parser        | Command handled -> Locking the screen.
2026-09-08 17:28:03 | INFO    | speaker              | SPEAK: Locking the screen.
2026-09-08 17:28:07 | DEBUG   | listener             | Audio was unintelligible.
2026-09-08 17:28:10 | INFO    | intent_parser        | Parsing command: 'check battery'
2026-09-08 17:28:10 | INFO    | intent_parser        | Command handled -> Battery is at 86 percent, and it's not plugged in.
2026-09-08 17:28:10 | INFO    | speaker              | SPEAK: Battery is at 86 percent, and it's not plugged in.
2026-09-08 17:28:12 | DEBUG   | listener             | Audio was unintelligible.
2026-09-08 17:28:14 | INFO    | intent_parser        | Parsing command: 'check wifi'
2026-09-08 17:28:14 | INFO    | intent_parser        | Command handled -> Wi-Fi is connected to Rao Bader.
2026-09-08 17:28:14 | INFO    | speaker              | SPEAK: Wi-Fi is connected to Rao Bader.
2026-09-08 17:28:17 | DEBUG   | listener             | Audio was unintelligible.
2026-09-08 17:28:17 | INFO    | intent_parser        | Parsing command: 'check disk space'
2026-09-08 17:28:17 | INFO    | intent_parser        | Command handled -> Drive C:\ has 101.0 gigabytes free out of 193.7 gigabytes total.
2026-09-08 17:28:17 | INFO    | speaker              | SPEAK: Drive C:\ has 101.0 gigabytes free out of 193.7 gigabytes total.
2026-09-08 17:28:25 | INFO    | intent_parser        | Parsing command: 'what time is it'
2026-09-08 17:28:25 | INFO    | intent_parser        | Command handled -> It's 05:28 PM on Tuesday, September 08.
2026-09-08 17:28:25 | INFO    | speaker              | SPEAK: It's 05:28 PM on Tuesday, September 08.
2026-09-08 17:28:30 | INFO    | intent_parser        | Parsing command: 'open chrome'
2026-09-08 17:28:31 | INFO    | commands.files_apps  | Launched app: chrome -> chrome
2026-09-08 17:28:31 | INFO    | intent_parser        | Command handled -> Opening chrome.
2026-09-08 17:28:31 | INFO    | speaker              | SPEAK: Opening chrome.
2026-09-08 17:28:31 | DEBUG   | listener             | Audio was unintelligible.
2026-09-08 17:28:34 | INFO    | intent_parser        | Parsing command: 'open notepad'
2026-09-08 17:28:34 | INFO    | commands.files_apps  | Launched app: notepad -> notepad.exe
2026-09-08 17:28:34 | INFO    | intent_parser        | Command handled -> Opening notepad.
2026-09-08 17:28:35 | INFO    | speaker              | SPEAK: Opening notepad.
2026-09-08 17:28:35 | DEBUG   | listener             | Audio was unintelligible.
2026-09-08 17:28:37 | INFO    | intent_parser        | Parsing command: 'open downloads'
2026-09-08 17:28:37 | INFO    | commands.files_apps  | Opened file/folder: downloads -> C:\Users\RaoUmar\Downloads
2026-09-08 17:28:37 | INFO    | intent_parser        | Command handled -> Opening downloads.
2026-09-08 17:28:37 | INFO    | speaker              | SPEAK: Opening downloads.
2026-09-08 17:28:40 | DEBUG   | listener             | Audio was unintelligible.
2026-09-08 17:28:41 | INFO    | intent_parser        | Parsing command: 'set a timer for 5 minutes'
2026-09-08 17:28:41 | INFO    | commands.productivity | Timer started: 5 minute (5.0 min)
2026-09-08 17:28:41 | INFO    | intent_parser        | Command handled -> Timer set for 5 minute.
2026-09-08 17:28:41 | INFO    | speaker              | SPEAK: Timer set for 5 minute.
2026-09-08 17:28:43 | DEBUG   | listener             | Audio was unintelligible.
2026-09-08 17:28:47 | DEBUG   | listener             | Audio was unintelligible.
2026-09-08 17:28:48 | INFO    | intent_parser        | Parsing command: 'set a timer for 10 minutes'
2026-09-08 17:28:48 | INFO    | commands.productivity | Timer started: 10 minute (10.0 min)
2026-09-08 17:28:48 | INFO    | intent_parser        | Command handled -> Timer set for 10 minute.
2026-09-08 17:28:48 | INFO    | speaker              | SPEAK: Timer set for 10 minute.
2026-09-08 17:28:51 | INFO    | intent_parser        | Parsing command: 'list active timers'
2026-09-08 17:28:51 | INFO    | intent_parser        | Command handled -> Active timers: 5 minute, 10 minute.
2026-09-08 17:28:51 | INFO    | speaker              | SPEAK: Active timers: 5 minute, 10 minute.
2026-09-08 17:28:55 | DEBUG   | listener             | Audio was unintelligible.
2026-09-08 17:28:58 | INFO    | intent_parser        | Parsing command: 'go to github.com'
2026-09-08 17:28:58 | INFO    | commands.media_web   | Opened website: https://github.com
2026-09-08 17:28:58 | INFO    | intent_parser        | Command handled -> Opening github.com.
2026-09-08 17:28:58 | INFO    | speaker              | SPEAK: Opening github.com.
2026-09-08 17:29:00 | DEBUG   | listener             | Audio was unintelligible.
2026-09-08 17:29:06 | DEBUG   | listener             | Audio was unintelligible.
2026-09-08 17:29:18 | INFO    | listener             | Heard: 'close it'
2026-09-08 17:29:24 | INFO    | ui.app               | Sidebar section selected: Manual
2026-09-08 17:29:25 | INFO    | ui.app               | Sidebar section selected: Home
2026-09-08 17:32:04 | INFO    | listener             | Wake word detected in: 'hey marcus, open chrome'
2026-09-08 17:32:37 | INFO    | ui.app               | Sidebar section selected: Home
2026-09-08 17:32:47 | INFO    | listener             | Calibrating for ambient noise (stay quiet for a moment)...
2026-09-08 17:32:48 | INFO    | listener             | Calibration done. Energy threshold set to 17.9
2026-09-08 17:32:48 | INFO    | speaker              | SPEAK: Marcus is online and ready.
2026-09-08 17:32:51 | INFO    | __main__             | Marcus started. Wake word: 'hey marcus'
2026-09-08 17:33:00 | INFO    | listener             | Heard: 'hey Marcus'
2026-09-08 17:33:00 | INFO    | listener             | Wake word detected in: 'hey marcus'
2026-09-08 17:33:00 | INFO    | speaker              | SPEAK: Yes?
2026-09-08 17:33:05 | DEBUG   | listener             | Audio was unintelligible.
2026-09-08 17:33:05 | INFO    | speaker              | SPEAK: I didn't catch that.
2026-09-08 17:33:07 | INFO    | __main__             | No usable command captured after wake word.
2026-09-08 17:33:11 | DEBUG   | listener             | Audio was unintelligible.
2026-09-08 17:33:20 | INFO    | listener             | Heard: 'volume up'
2026-09-08 17:33:27 | DEBUG   | listener             | Audio was unintelligible.
2026-09-08 17:33:34 | INFO    | listener             | Heard: 'volume up'
2026-09-08 17:33:42 | INFO    | listener             | Heard: 'volume down'
2026-09-08 17:33:47 | DEBUG   | listener             | Audio was unintelligible.
2026-09-08 17:33:52 | DEBUG   | listener             | Audio was unintelligible.
2026-09-08 17:33:56 | DEBUG   | listener             | Audio was unintelligible.
2026-09-08 17:34:02 | INFO    | ui.app               | Sidebar section selected: Manual
2026-09-08 17:34:04 | DEBUG   | listener             | Audio was unintelligible.
2026-09-08 17:34:07 | DEBUG   | listener             | Audio was unintelligible.
2026-09-08 17:34:08 | INFO    | intent_parser        | Parsing command: 'hey marcus'
2026-09-08 17:34:08 | INFO    | intent_parser        | No pattern matched for: 'hey marcus'
2026-09-08 17:34:08 | INFO    | speaker              | SPEAK: I'm not sure how to do that yet.
2026-09-08 17:34:14 | INFO    | intent_parser        | Parsing command: 'what time is it'
2026-09-08 17:34:14 | INFO    | intent_parser        | Command handled -> It's 05:34 PM on Tuesday, September 08.
2026-09-08 17:34:14 | INFO    | speaker              | SPEAK: It's 05:34 PM on Tuesday, September 08.
2026-09-08 17:34:15 | DEBUG   | listener             | Audio was unintelligible.
2026-09-08 17:34:22 | DEBUG   | listener             | Audio was unintelligible.
2026-09-08 17:34:27 | INFO    | ui.app               | Sidebar section selected: Home
2026-09-08 17:34:27 | DEBUG   | listener             | Audio was unintelligible.
2026-09-08 17:35:47 | INFO    | listener             | Direct command mode accepted: 'volume up'
2026-09-08 17:35:47 | INFO    | listener             | Wake word detected in: 'hey marcus, volume up'
2026-09-08 17:36:02 | INFO    | ui.app               | Sidebar section selected: Home
2026-09-08 17:36:12 | INFO    | ui.app               | Sidebar section selected: Home
2026-09-08 17:36:24 | INFO    | listener             | Calibrating for ambient noise (stay quiet for a moment)...
2026-09-08 17:36:26 | INFO    | listener             | Calibration done. Energy threshold set to 73.0
2026-09-08 17:36:26 | INFO    | speaker              | SPEAK: Marcus is online and ready.
2026-09-08 17:36:28 | INFO    | __main__             | Marcus started. Wake word: 'hey marcus'
2026-09-08 17:36:36 | INFO    | listener             | Heard: 'Marcus'
2026-09-08 17:36:36 | INFO    | listener             | Direct command mode accepted: 'marcus'
2026-09-08 17:36:36 | INFO    | intent_parser        | Parsing command: 'marcus'
2026-09-08 17:36:36 | INFO    | intent_parser        | No pattern matched for: 'marcus'
2026-09-08 17:36:36 | INFO    | speaker              | SPEAK: I'm not sure how to do that yet.
2026-09-08 17:36:43 | DEBUG   | listener             | Audio was unintelligible.
2026-09-08 17:36:48 | DEBUG   | listener             | Audio was unintelligible.
2026-09-08 17:36:53 | DEBUG   | listener             | Audio was unintelligible.
2026-09-08 17:36:58 | INFO    | listener             | Heard: 'Iske vajah se'
2026-09-08 17:36:58 | INFO    | listener             | Direct command mode accepted: 'iske vajah se'
2026-09-08 17:36:58 | INFO    | intent_parser        | Parsing command: 'iske vajah se'
2026-09-08 17:36:58 | INFO    | intent_parser        | No pattern matched for: 'iske vajah se'
2026-09-08 17:36:58 | INFO    | speaker              | SPEAK: I'm not sure how to do that yet.
2026-09-08 17:37:06 | DEBUG   | listener             | Audio was unintelligible.
2026-09-08 17:37:12 | DEBUG   | listener             | Audio was unintelligible.
2026-09-08 17:37:15 | INFO    | ui.app               | Sidebar section selected: Manual
2026-09-08 17:37:18 | INFO    | listener             | Heard: 'Kisi assistant hai'
2026-09-08 17:37:18 | INFO    | listener             | Direct command mode accepted: 'kisi assistant hai'
2026-09-08 17:37:18 | INFO    | intent_parser        | Parsing command: 'kisi assistant hai'
2026-09-08 17:37:18 | INFO    | intent_parser        | No pattern matched for: 'kisi assistant hai'
2026-09-08 17:37:18 | INFO    | speaker              | SPEAK: I'm not sure how to do that yet.
2026-09-08 17:37:18 | INFO    | ui.app               | Sidebar section selected: Tools
2026-09-08 17:37:21 | INFO    | intent_parser        | Parsing command: 'volume up'
2026-09-08 17:37:21 | INFO    | commands.system      | Volume set to 100%
2026-09-08 17:37:21 | INFO    | intent_parser        | Command handled -> Volume set to 100 percent.
2026-09-08 17:37:21 | INFO    | speaker              | SPEAK: Volume set to 100 percent.
2026-09-08 17:37:26 | INFO    | intent_parser        | Parsing command: 'volume down'
2026-09-08 17:37:26 | INFO    | commands.system      | Volume set to 90%
2026-09-08 17:37:26 | INFO    | intent_parser        | Command handled -> Volume set to 90 percent.
2026-09-08 17:37:26 | INFO    | speaker              | SPEAK: Volume set to 90 percent.
2026-09-08 17:37:28 | INFO    | listener             | Heard: 'volume ab Jyada Hogi'
2026-09-08 17:37:28 | INFO    | listener             | Direct command mode accepted: 'volume ab jyada hogi'
2026-09-08 17:37:28 | INFO    | intent_parser        | Parsing command: 'volume ab jyada hogi'
2026-09-08 17:37:28 | INFO    | intent_parser        | No pattern matched for: 'volume ab jyada hogi'
2026-09-08 17:37:28 | INFO    | speaker              | SPEAK: I'm not sure how to do that yet.
2026-09-08 17:37:28 | INFO    | intent_parser        | Parsing command: 'volume down'
2026-09-08 17:37:28 | INFO    | commands.system      | Volume set to 80%
2026-09-08 17:37:28 | INFO    | intent_parser        | Command handled -> Volume set to 80 percent.
2026-09-08 17:37:28 | INFO    | speaker              | SPEAK: Volume set to 80 percent.
2026-09-08 17:37:30 | INFO    | intent_parser        | Parsing command: 'volume down'
2026-09-08 17:37:30 | INFO    | commands.system      | Volume set to 70%
2026-09-08 17:37:30 | INFO    | intent_parser        | Command handled -> Volume set to 70 percent.
2026-09-08 17:37:31 | INFO    | speaker              | SPEAK: Volume set to 70 percent.
2026-09-08 17:37:36 | INFO    | intent_parser        | Parsing command: 'mute'
2026-09-08 17:37:36 | INFO    | commands.system      | Volume muted.
2026-09-08 17:37:36 | INFO    | intent_parser        | Command handled -> Muted.
2026-09-08 17:37:36 | INFO    | speaker              | SPEAK: Muted.
2026-09-08 17:37:37 | DEBUG   | listener             | Audio was unintelligible.
2026-09-08 17:37:38 | INFO    | intent_parser        | Parsing command: 'volume up'
2026-09-08 17:37:38 | INFO    | commands.system      | Volume set to 80%
2026-09-08 17:37:38 | INFO    | intent_parser        | Command handled -> Volume set to 80 percent.
2026-09-08 17:37:38 | INFO    | speaker              | SPEAK: Volume set to 80 percent.
2026-09-08 17:37:40 | INFO    | intent_parser        | Parsing command: 'unmute'
2026-09-08 17:37:40 | INFO    | commands.system      | Volume muted.
2026-09-08 17:37:40 | INFO    | intent_parser        | Command handled -> Muted.
2026-09-08 17:37:40 | INFO    | speaker              | SPEAK: Muted.
2026-09-08 17:37:42 | INFO    | listener             | Heard: 'yah UN'
2026-09-08 17:37:42 | INFO    | listener             | Direct command mode accepted: 'yah un'
2026-09-08 17:37:42 | INFO    | intent_parser        | Parsing command: 'yah un'
2026-09-08 17:37:42 | INFO    | intent_parser        | No pattern matched for: 'yah un'
2026-09-08 17:37:42 | INFO    | speaker              | SPEAK: I'm not sure how to do that yet.
2026-09-08 17:37:45 | INFO    | intent_parser        | Parsing command: 'unmute'
2026-09-08 17:37:45 | INFO    | commands.system      | Volume muted.
2026-09-08 17:37:45 | INFO    | intent_parser        | Command handled -> Muted.
2026-09-08 17:37:45 | INFO    | speaker              | SPEAK: Muted.
2026-09-08 17:37:50 | DEBUG   | listener             | Audio was unintelligible.
2026-09-08 17:37:54 | INFO    | intent_parser        | Parsing command: 'brightness up'
2026-09-08 17:37:54 | INFO    | commands.system      | Brightness set to 100%
2026-09-08 17:37:54 | INFO    | intent_parser        | Command handled -> Brightness set to 100 percent.
2026-09-08 17:37:55 | INFO    | speaker              | SPEAK: Brightness set to 100 percent.
2026-09-08 17:37:55 | INFO    | intent_parser        | Parsing command: 'brightness up'
2026-09-08 17:37:55 | INFO    | intent_parser        | Parsing command: 'brightness up'
2026-09-08 17:37:55 | INFO    | commands.system      | Brightness set to 100%
2026-09-08 17:37:55 | INFO    | intent_parser        | Command handled -> Brightness set to 100 percent.
2026-09-08 17:37:55 | INFO    | speaker              | SPEAK: Brightness set to 100 percent.
2026-09-08 17:37:55 | INFO    | commands.system      | Brightness set to 100%
2026-09-08 17:37:55 | INFO    | intent_parser        | Command handled -> Brightness set to 100 percent.
2026-09-08 17:37:55 | INFO    | speaker              | SPEAK: Brightness set to 100 percent.
2026-09-08 17:37:55 | DEBUG   | listener             | Audio was unintelligible.
2026-09-08 17:37:57 | INFO    | intent_parser        | Parsing command: 'brightness down'
2026-09-08 17:37:57 | INFO    | commands.system      | Brightness set to 90%
2026-09-08 17:37:57 | INFO    | intent_parser        | Command handled -> Brightness set to 90 percent.
2026-09-08 17:37:57 | INFO    | speaker              | SPEAK: Brightness set to 90 percent.
2026-09-08 17:37:57 | INFO    | intent_parser        | Parsing command: 'brightness down'
2026-09-08 17:37:57 | INFO    | intent_parser        | Parsing command: 'brightness down'
2026-09-08 17:37:57 | INFO    | intent_parser        | Parsing command: 'brightness down'
2026-09-08 17:37:58 | INFO    | commands.system      | Brightness set to 80%
2026-09-08 17:37:58 | INFO    | intent_parser        | Command handled -> Brightness set to 80 percent.
2026-09-08 17:37:58 | INFO    | commands.system      | Brightness set to 80%
2026-09-08 17:37:58 | INFO    | intent_parser        | Command handled -> Brightness set to 80 percent.
2026-09-08 17:37:58 | INFO    | commands.system      | Brightness set to 80%
2026-09-08 17:37:58 | INFO    | intent_parser        | Command handled -> Brightness set to 80 percent.
2026-09-08 17:37:58 | INFO    | speaker              | SPEAK: Brightness set to 80 percent.
2026-09-08 17:37:58 | INFO    | speaker              | SPEAK: Brightness set to 80 percent.
2026-09-08 17:37:58 | INFO    | speaker              | SPEAK: Brightness set to 80 percent.
2026-09-08 17:37:58 | INFO    | intent_parser        | Parsing command: 'brightness down'
2026-09-08 17:37:58 | INFO    | intent_parser        | Parsing command: 'brightness down'
2026-09-08 17:37:58 | INFO    | intent_parser        | Parsing command: 'brightness down'
2026-09-08 17:37:58 | INFO    | intent_parser        | Parsing command: 'brightness down'
2026-09-08 17:37:58 | INFO    | intent_parser        | Parsing command: 'brightness down'
2026-09-08 17:37:59 | INFO    | intent_parser        | Parsing command: 'brightness down'
2026-09-08 17:37:59 | INFO    | commands.system      | Brightness set to 70%
2026-09-08 17:37:59 | INFO    | intent_parser        | Command handled -> Brightness set to 70 percent.
2026-09-08 17:37:59 | INFO    | commands.system      | Brightness set to 70%
2026-09-08 17:37:59 | INFO    | intent_parser        | Command handled -> Brightness set to 70 percent.
2026-09-08 17:37:59 | INFO    | speaker              | SPEAK: Brightness set to 70 percent.
2026-09-08 17:37:59 | INFO    | speaker              | SPEAK: Brightness set to 70 percent.
2026-09-08 17:37:59 | INFO    | commands.system      | Brightness set to 70%
2026-09-08 17:37:59 | INFO    | intent_parser        | Command handled -> Brightness set to 70 percent.
2026-09-08 17:37:59 | INFO    | speaker              | SPEAK: Brightness set to 70 percent.
2026-09-08 17:37:59 | INFO    | commands.system      | Brightness set to 70%
2026-09-08 17:37:59 | INFO    | intent_parser        | Command handled -> Brightness set to 70 percent.
2026-09-08 17:37:59 | INFO    | speaker              | SPEAK: Brightness set to 70 percent.
2026-09-08 17:37:59 | INFO    | commands.system      | Brightness set to 70%
2026-09-08 17:37:59 | INFO    | intent_parser        | Command handled -> Brightness set to 70 percent.
2026-09-08 17:37:59 | INFO    | speaker              | SPEAK: Brightness set to 70 percent.
2026-09-08 17:37:59 | INFO    | commands.system      | Brightness set to 60%
2026-09-08 17:37:59 | INFO    | intent_parser        | Command handled -> Brightness set to 60 percent.
2026-09-08 17:37:59 | INFO    | speaker              | SPEAK: Brightness set to 60 percent.
2026-09-08 17:37:59 | INFO    | intent_parser        | Parsing command: 'brightness down'
2026-09-08 17:37:59 | INFO    | commands.system      | Brightness set to 50%
2026-09-08 17:37:59 | INFO    | intent_parser        | Command handled -> Brightness set to 50 percent.
2026-09-08 17:37:59 | INFO    | speaker              | SPEAK: Brightness set to 50 percent.
2026-09-08 17:38:00 | INFO    | listener             | Heard: 'se kam hoti hai'
2026-09-08 17:38:00 | INFO    | listener             | Direct command mode accepted: 'se kam hoti hai'
2026-09-08 17:38:00 | INFO    | intent_parser        | Parsing command: 'se kam hoti hai'
2026-09-08 17:38:00 | INFO    | intent_parser        | No pattern matched for: 'se kam hoti hai'
2026-09-08 17:38:00 | INFO    | speaker              | SPEAK: I'm not sure how to do that yet.
2026-09-08 17:38:00 | INFO    | intent_parser        | Parsing command: 'brightness down'
2026-09-08 17:38:00 | INFO    | intent_parser        | Parsing command: 'brightness up'
2026-09-08 17:38:00 | INFO    | intent_parser        | Parsing command: 'brightness up'
2026-09-08 17:38:00 | INFO    | intent_parser        | Parsing command: 'brightness up'
2026-09-08 17:38:00 | INFO    | commands.system      | Brightness set to 40%
2026-09-08 17:38:00 | INFO    | commands.system      | Brightness set to 60%
2026-09-08 17:38:00 | INFO    | intent_parser        | Command handled -> Brightness set to 40 percent.
2026-09-08 17:38:00 | INFO    | intent_parser        | Command handled -> Brightness set to 60 percent.
2026-09-08 17:38:00 | INFO    | speaker              | SPEAK: Brightness set to 40 percent.
2026-09-08 17:38:00 | INFO    | speaker              | SPEAK: Brightness set to 60 percent.
2026-09-08 17:38:00 | INFO    | commands.system      | Brightness set to 60%
2026-09-08 17:38:00 | INFO    | intent_parser        | Command handled -> Brightness set to 60 percent.
2026-09-08 17:38:00 | INFO    | commands.system      | Brightness set to 60%
2026-09-08 17:38:00 | INFO    | intent_parser        | Command handled -> Brightness set to 60 percent.
2026-09-08 17:38:00 | INFO    | speaker              | SPEAK: Brightness set to 60 percent.
2026-09-08 17:38:00 | INFO    | speaker              | SPEAK: Brightness set to 60 percent.
2026-09-08 17:38:01 | INFO    | intent_parser        | Parsing command: 'brightness up'
2026-09-08 17:38:01 | INFO    | commands.system      | Brightness set to 70%
2026-09-08 17:38:01 | INFO    | intent_parser        | Command handled -> Brightness set to 70 percent.
2026-09-08 17:38:01 | INFO    | speaker              | SPEAK: Brightness set to 70 percent.
2026-09-08 17:38:03 | INFO    | intent_parser        | Parsing command: 'brightness up'
2026-09-08 17:38:03 | INFO    | intent_parser        | Parsing command: 'brightness up'
2026-09-08 17:38:03 | INFO    | commands.system      | Brightness set to 80%
2026-09-08 17:38:03 | INFO    | intent_parser        | Command handled -> Brightness set to 80 percent.
2026-09-08 17:38:03 | INFO    | commands.system      | Brightness set to 80%
2026-09-08 17:38:03 | INFO    | speaker              | SPEAK: Brightness set to 80 percent.
2026-09-08 17:38:03 | INFO    | intent_parser        | Command handled -> Brightness set to 80 percent.
2026-09-08 17:38:05 | INFO    | speaker              | SPEAK: Brightness set to 80 percent.
2026-09-08 17:38:05 | INFO    | intent_parser        | Parsing command: 'minimize'
2026-09-08 17:38:05 | INFO    | intent_parser        | Command handled -> Minimized Marcus — PC Assistant.
2026-09-08 17:38:05 | INFO    | speaker              | SPEAK: Minimized Marcus — PC Assistant.
2026-09-08 17:38:10 | INFO    | intent_parser        | Parsing command: 'maximize'
2026-09-08 17:38:10 | INFO    | intent_parser        | Command handled -> Maximized Marcus — PC Assistant.
2026-09-08 17:38:10 | INFO    | speaker              | SPEAK: Maximized Marcus — PC Assistant.
2026-09-08 17:38:14 | INFO    | intent_parser        | Parsing command: 'maximize'
2026-09-08 17:38:14 | INFO    | intent_parser        | Command handled -> Maximized Marcus — PC Assistant.
2026-09-08 17:38:14 | INFO    | speaker              | SPEAK: Maximized Marcus — PC Assistant.
2026-09-08 17:38:17 | INFO    | intent_parser        | Parsing command: 'take a screenshot'
2026-09-08 17:38:18 | INFO    | commands.system      | Screenshot saved: C:\Users\RaoUmar\Pictures\Marcus_Screenshots\screenshot_2026-09-08_17-38-17.png
2026-09-08 17:38:18 | INFO    | intent_parser        | Command handled -> Screenshot saved as screenshot_2026-09-08_17-38-17.png.
2026-09-08 17:38:20 | INFO    | speaker              | SPEAK: Screenshot saved as screenshot_2026-09-08_17-38-17.png.
2026-09-08 17:38:33 | INFO    | intent_parser        | Parsing command: 'take a screenshot'
2026-09-08 17:38:33 | INFO    | commands.system      | Screenshot saved: C:\Users\RaoUmar\Pictures\Marcus_Screenshots\screenshot_2026-09-08_17-38-33.png
2026-09-08 17:38:33 | INFO    | intent_parser        | Command handled -> Screenshot saved as screenshot_2026-09-08_17-38-33.png.
2026-09-08 17:38:35 | INFO    | speaker              | SPEAK: Screenshot saved as screenshot_2026-09-08_17-38-33.png.
2026-09-08 17:38:40 | INFO    | intent_parser        | Parsing command: 'open camera'
2026-09-08 17:38:40 | INFO    | commands.system      | Opened Windows Camera app.
2026-09-08 17:38:40 | INFO    | intent_parser        | Command handled -> Opening the camera.
2026-09-08 17:38:43 | INFO    | speaker              | SPEAK: Opening the camera.
2026-09-08 17:38:46 | INFO    | intent_parser        | Parsing command: 'close camera'
2026-09-08 17:38:47 | INFO    | intent_parser        | Command handled -> The camera doesn't appear to be open.
2026-09-08 17:38:50 | INFO    | speaker              | SPEAK: The camera doesn't appear to be open.
2026-09-08 17:38:50 | INFO    | intent_parser        | Parsing command: 'lock the screen'
2026-09-08 17:38:50 | INFO    | commands.system      | Screen locked.
2026-09-08 17:38:50 | INFO    | intent_parser        | Command handled -> Locking the screen.
2026-09-08 17:38:50 | INFO    | speaker              | SPEAK: Locking the screen.
2026-09-08 17:38:51 | INFO    | listener             | Heard: 'lock screen'
2026-09-08 17:38:51 | INFO    | listener             | Direct command mode accepted: 'lock screen'
2026-09-08 17:38:51 | INFO    | intent_parser        | Parsing command: 'lock screen'
2026-09-08 17:38:51 | INFO    | commands.system      | Screen locked.
2026-09-08 17:38:51 | INFO    | intent_parser        | Command handled -> Locking the screen.
2026-09-08 17:38:51 | INFO    | speaker              | SPEAK: Locking the screen.
2026-09-08 17:38:57 | INFO    | intent_parser        | Parsing command: 'check battery'
2026-09-08 17:38:57 | INFO    | intent_parser        | Command handled -> Battery is at 79 percent, and it's not plugged in.
2026-09-08 17:38:57 | INFO    | speaker              | SPEAK: Battery is at 79 percent, and it's not plugged in.
2026-09-08 17:39:07 | INFO    | ui.app               | Sidebar section selected: Home
2026-09-08 17:39:08 | INFO    | ui.app               | Sidebar section selected: Manual
2026-09-08 17:39:09 | INFO    | ui.app               | Sidebar section selected: Tools
2026-09-08 17:39:14 | INFO    | intent_parser        | Parsing command: 'check battery'
2026-09-08 17:39:14 | INFO    | intent_parser        | Command handled -> Battery is at 78 percent, and it's not plugged in.
2026-09-08 17:39:14 | INFO    | speaker              | SPEAK: Battery is at 78 percent, and it's not plugged in.
2026-09-08 17:39:21 | INFO    | intent_parser        | Parsing command: 'check wifi'
2026-09-08 17:39:21 | INFO    | intent_parser        | Command handled -> Wi-Fi is connected to Rao Bader.
2026-09-08 17:39:21 | INFO    | speaker              | SPEAK: Wi-Fi is connected to Rao Bader.
2026-09-08 17:39:30 | INFO    | intent_parser        | Parsing command: 'check disk space'
2026-09-08 17:39:30 | INFO    | intent_parser        | Command handled -> Drive C:\ has 101.0 gigabytes free out of 193.7 gigabytes total.
2026-09-08 17:39:30 | INFO    | speaker              | SPEAK: Drive C:\ has 101.0 gigabytes free out of 193.7 gigabytes total.
2026-09-08 17:39:35 | INFO    | intent_parser        | Parsing command: 'what time is it'
2026-09-08 17:39:35 | INFO    | intent_parser        | Command handled -> It's 05:39 PM on Tuesday, September 08.
2026-09-08 17:39:35 | INFO    | speaker              | SPEAK: It's 05:39 PM on Tuesday, September 08.
2026-09-08 17:39:44 | INFO    | intent_parser        | Parsing command: 'open chrome'
2026-09-08 17:39:44 | INFO    | commands.files_apps  | Launched app: chrome -> chrome
2026-09-08 17:39:44 | INFO    | intent_parser        | Command handled -> Opening chrome.
2026-09-08 17:39:44 | INFO    | speaker              | SPEAK: Opening chrome.
2026-09-08 17:39:47 | INFO    | intent_parser        | Parsing command: 'open notepad'
2026-09-08 17:39:47 | INFO    | commands.files_apps  | Launched app: notepad -> notepad.exe
2026-09-08 17:39:47 | INFO    | intent_parser        | Command handled -> Opening notepad.
2026-09-08 17:39:47 | INFO    | speaker              | SPEAK: Opening notepad.
2026-09-08 17:39:53 | INFO    | intent_parser        | Parsing command: 'go to github.com'
2026-09-08 17:39:53 | INFO    | commands.media_web   | Opened website: https://github.com
2026-09-08 17:39:53 | INFO    | intent_parser        | Command handled -> Opening github.com.
2026-09-08 17:39:53 | INFO    | speaker              | SPEAK: Opening github.com.
2026-09-08 17:40:01 | INFO    | ui.app               | Sidebar section selected: Settings
2026-09-08 17:40:03 | INFO    | speaker              | TTS volume set to 18%
2026-09-08 17:40:03 | INFO    | speaker              | TTS volume set to 18%
2026-09-08 17:40:03 | INFO    | speaker              | TTS volume set to 18%
2026-09-08 17:40:03 | INFO    | speaker              | TTS volume set to 19%
2026-09-08 17:40:03 | INFO    | speaker              | TTS volume set to 19%
2026-09-08 17:40:03 | INFO    | speaker              | TTS volume set to 20%
2026-09-08 17:40:03 | INFO    | speaker              | TTS volume set to 21%
2026-09-08 17:40:03 | INFO    | speaker              | TTS volume set to 22%
2026-09-08 17:40:03 | INFO    | speaker              | TTS volume set to 23%
2026-09-08 17:40:03 | INFO    | speaker              | TTS volume set to 24%
2026-09-08 17:40:03 | INFO    | speaker              | TTS volume set to 25%
2026-09-08 17:40:03 | INFO    | speaker              | TTS volume set to 26%
2026-09-08 17:40:03 | INFO    | speaker              | TTS volume set to 27%
2026-09-08 17:40:03 | INFO    | speaker              | TTS volume set to 28%
2026-09-08 17:40:03 | INFO    | speaker              | TTS volume set to 30%
2026-09-08 17:40:03 | INFO    | speaker              | TTS volume set to 31%
2026-09-08 17:40:03 | INFO    | speaker              | TTS volume set to 32%
2026-09-08 17:40:03 | INFO    | speaker              | TTS volume set to 33%
2026-09-08 17:40:03 | INFO    | speaker              | TTS volume set to 34%
2026-09-08 17:40:03 | INFO    | speaker              | TTS volume set to 35%
2026-09-08 17:40:03 | INFO    | speaker              | TTS volume set to 36%
2026-09-08 17:40:03 | INFO    | speaker              | TTS volume set to 38%
2026-09-08 17:40:03 | INFO    | speaker              | TTS volume set to 39%
2026-09-08 17:40:03 | INFO    | speaker              | TTS volume set to 40%
2026-09-08 17:40:03 | INFO    | speaker              | TTS volume set to 42%
2026-09-08 17:40:03 | INFO    | speaker              | TTS volume set to 43%
2026-09-08 17:40:03 | INFO    | speaker              | TTS volume set to 44%
2026-09-08 17:40:03 | INFO    | speaker              | TTS volume set to 46%
2026-09-08 17:40:03 | INFO    | speaker              | TTS volume set to 47%
2026-09-08 17:40:03 | INFO    | speaker              | TTS volume set to 48%
2026-09-08 17:40:03 | INFO    | speaker              | TTS volume set to 50%
2026-09-08 17:40:03 | INFO    | speaker              | TTS volume set to 51%
2026-09-08 17:40:03 | INFO    | speaker              | TTS volume set to 53%
2026-09-08 17:40:03 | INFO    | speaker              | TTS volume set to 54%
2026-09-08 17:40:03 | INFO    | speaker              | TTS volume set to 55%
2026-09-08 17:40:03 | INFO    | speaker              | TTS volume set to 57%
2026-09-08 17:40:03 | INFO    | speaker              | TTS volume set to 58%
2026-09-08 17:40:03 | INFO    | speaker              | TTS volume set to 59%
2026-09-08 17:40:03 | INFO    | speaker              | TTS volume set to 61%
2026-09-08 17:40:03 | INFO    | speaker              | TTS volume set to 62%
2026-09-08 17:40:03 | INFO    | speaker              | TTS volume set to 64%
2026-09-08 17:40:03 | INFO    | speaker              | TTS volume set to 65%
2026-09-08 17:40:03 | INFO    | speaker              | TTS volume set to 66%
2026-09-08 17:40:03 | INFO    | speaker              | TTS volume set to 67%
2026-09-08 17:40:03 | INFO    | speaker              | TTS volume set to 68%
2026-09-08 17:40:03 | INFO    | speaker              | TTS volume set to 70%
2026-09-08 17:40:03 | INFO    | speaker              | TTS volume set to 71%
2026-09-08 17:40:03 | INFO    | speaker              | TTS volume set to 73%
2026-09-08 17:40:03 | INFO    | speaker              | TTS volume set to 74%
2026-09-08 17:40:03 | INFO    | speaker              | TTS volume set to 76%
2026-09-08 17:40:03 | INFO    | speaker              | TTS volume set to 77%
2026-09-08 17:40:06 | INFO    | speaker              | TTS volume set to 76%
2026-09-08 17:40:06 | INFO    | speaker              | TTS volume set to 75%
2026-09-08 17:40:06 | INFO    | speaker              | TTS volume set to 74%
2026-09-08 17:40:06 | INFO    | speaker              | TTS volume set to 72%
2026-09-08 17:40:06 | INFO    | speaker              | TTS volume set to 70%
2026-09-08 17:40:06 | INFO    | speaker              | TTS volume set to 68%
2026-09-08 17:40:06 | INFO    | speaker              | TTS volume set to 66%
2026-09-08 17:40:06 | INFO    | speaker              | TTS volume set to 63%
2026-09-08 17:40:06 | INFO    | speaker              | TTS volume set to 60%
2026-09-08 17:40:06 | INFO    | speaker              | TTS volume set to 57%
2026-09-08 17:40:06 | INFO    | speaker              | TTS volume set to 54%
2026-09-08 17:40:06 | INFO    | speaker              | TTS volume set to 50%
2026-09-08 17:40:06 | INFO    | speaker              | TTS volume set to 48%
2026-09-08 17:40:06 | INFO    | speaker              | TTS volume set to 45%
2026-09-08 17:40:06 | INFO    | speaker              | TTS volume set to 43%
2026-09-08 17:40:06 | INFO    | speaker              | TTS volume set to 40%
2026-09-08 17:40:06 | INFO    | speaker              | TTS volume set to 38%
2026-09-08 17:40:06 | INFO    | speaker              | TTS volume set to 36%
2026-09-08 17:40:06 | INFO    | speaker              | TTS volume set to 34%
2026-09-08 17:40:06 | INFO    | speaker              | TTS volume set to 33%
2026-09-08 17:40:06 | INFO    | speaker              | TTS volume set to 31%
2026-09-08 17:40:06 | INFO    | speaker              | TTS volume set to 30%
2026-09-08 17:40:06 | INFO    | speaker              | TTS volume set to 28%
2026-09-08 17:40:06 | INFO    | speaker              | TTS volume set to 27%
2026-09-08 17:40:06 | INFO    | speaker              | TTS volume set to 26%
2026-09-08 17:40:06 | INFO    | speaker              | TTS volume set to 26%
2026-09-08 17:40:06 | INFO    | speaker              | TTS volume set to 25%
2026-09-08 17:40:06 | INFO    | speaker              | TTS volume set to 24%
2026-09-08 17:40:06 | INFO    | speaker              | TTS volume set to 24%
2026-09-08 17:40:06 | INFO    | speaker              | TTS volume set to 24%
2026-09-08 17:40:06 | INFO    | speaker              | TTS volume set to 23%
2026-09-08 17:40:06 | INFO    | speaker              | TTS volume set to 23%
2026-09-08 17:40:06 | INFO    | speaker              | TTS volume set to 23%
2026-09-08 17:40:06 | INFO    | speaker              | TTS volume set to 23%
2026-09-08 17:40:06 | INFO    | speaker              | TTS volume set to 23%
2026-09-08 17:40:06 | INFO    | speaker              | TTS volume set to 23%
2026-09-08 17:40:06 | INFO    | speaker              | TTS volume set to 23%
2026-09-08 17:40:06 | INFO    | speaker              | TTS volume set to 23%
2026-09-08 17:40:06 | INFO    | speaker              | TTS volume set to 22%
2026-09-08 17:40:06 | INFO    | speaker              | TTS volume set to 22%
2026-09-08 17:40:06 | INFO    | speaker              | TTS volume set to 22%
2026-09-08 17:40:06 | INFO    | speaker              | TTS volume set to 22%
2026-09-08 17:40:06 | INFO    | speaker              | TTS volume set to 22%
2026-09-08 17:40:06 | INFO    | speaker              | TTS volume set to 23%
2026-09-08 17:40:06 | INFO    | speaker              | TTS volume set to 23%
2026-09-08 17:40:06 | INFO    | speaker              | TTS volume set to 23%
2026-09-08 17:40:06 | INFO    | speaker              | TTS volume set to 23%
2026-09-08 17:40:06 | INFO    | speaker              | TTS volume set to 23%
2026-09-08 17:40:06 | INFO    | speaker              | TTS volume set to 23%
2026-09-08 17:40:06 | INFO    | speaker              | TTS volume set to 23%
2026-09-08 17:40:06 | INFO    | speaker              | TTS volume set to 23%
2026-09-08 17:40:06 | INFO    | speaker              | TTS volume set to 23%
2026-09-08 17:40:06 | INFO    | speaker              | TTS volume set to 23%
2026-09-08 17:40:06 | INFO    | speaker              | TTS volume set to 23%
2026-09-08 17:40:07 | INFO    | speaker              | TTS volume set to 23%
2026-09-08 17:40:07 | INFO    | speaker              | TTS volume set to 23%
2026-09-08 17:40:07 | INFO    | speaker              | TTS volume set to 22%
2026-09-08 17:40:07 | INFO    | speaker              | TTS volume set to 22%
2026-09-08 17:40:07 | INFO    | speaker              | TTS volume set to 22%
2026-09-08 17:40:07 | INFO    | speaker              | TTS volume set to 22%
2026-09-08 17:40:07 | INFO    | speaker              | TTS volume set to 22%
2026-09-08 17:40:07 | INFO    | speaker              | TTS volume set to 22%
2026-09-08 17:40:07 | INFO    | speaker              | TTS volume set to 21%
2026-09-08 17:40:07 | INFO    | speaker              | TTS volume set to 21%
2026-09-08 17:40:07 | INFO    | speaker              | TTS volume set to 21%
2026-09-08 17:40:07 | INFO    | speaker              | TTS volume set to 20%
2026-09-08 17:40:07 | INFO    | speaker              | TTS volume set to 20%
2026-09-08 17:40:07 | INFO    | speaker              | TTS volume set to 20%
2026-09-08 17:40:07 | INFO    | speaker              | TTS volume set to 19%
2026-09-08 17:40:07 | INFO    | speaker              | TTS volume set to 19%
2026-09-08 17:40:07 | INFO    | speaker              | TTS volume set to 19%
2026-09-08 17:40:07 | INFO    | speaker              | TTS volume set to 18%
2026-09-08 17:40:07 | INFO    | speaker              | TTS volume set to 18%
2026-09-08 17:40:07 | INFO    | speaker              | TTS volume set to 17%
2026-09-08 17:40:07 | INFO    | speaker              | TTS volume set to 17%
2026-09-08 17:40:07 | INFO    | speaker              | TTS volume set to 16%
2026-09-08 17:40:07 | INFO    | speaker              | TTS volume set to 15%
2026-09-08 17:40:07 | INFO    | speaker              | TTS volume set to 14%
2026-09-08 17:40:07 | INFO    | speaker              | TTS volume set to 14%
2026-09-08 17:40:07 | INFO    | speaker              | TTS volume set to 13%
2026-09-08 17:40:07 | INFO    | speaker              | TTS volume set to 12%
2026-09-08 17:40:07 | INFO    | speaker              | TTS volume set to 12%
2026-09-08 17:40:07 | INFO    | speaker              | TTS volume set to 11%
2026-09-08 17:40:07 | INFO    | speaker              | TTS volume set to 11%
2026-09-08 17:40:07 | INFO    | speaker              | TTS volume set to 11%
2026-09-08 17:40:07 | INFO    | speaker              | TTS volume set to 10%
2026-09-08 17:40:07 | INFO    | speaker              | TTS volume set to 10%
2026-09-08 17:40:07 | INFO    | speaker              | TTS volume set to 10%
2026-09-08 17:40:07 | INFO    | speaker              | TTS volume set to 10%
2026-09-08 17:40:07 | INFO    | speaker              | TTS volume set to 10%
2026-09-08 17:40:07 | INFO    | speaker              | TTS volume set to 10%
2026-09-08 17:40:07 | INFO    | speaker              | TTS volume set to 10%
2026-09-08 17:40:07 | INFO    | speaker              | TTS volume set to 10%
2026-09-08 17:40:07 | INFO    | speaker              | TTS volume set to 10%
2026-09-08 17:40:08 | INFO    | ui.app               | Sidebar section selected: Tools
2026-09-08 17:40:09 | INFO    | intent_parser        | Parsing command: 'open chrome'
2026-09-08 17:40:09 | INFO    | commands.files_apps  | Launched app: chrome -> chrome
2026-09-08 17:40:09 | INFO    | intent_parser        | Command handled -> Opening chrome.
2026-09-08 17:40:09 | INFO    | speaker              | SPEAK: Opening chrome.
2026-09-08 17:40:13 | INFO    | ui.app               | Sidebar section selected: Settings
2026-09-08 17:40:14 | INFO    | speaker              | TTS volume set to 23%
2026-09-08 17:40:15 | INFO    | ui.app               | Sidebar section selected: Tools
2026-09-08 17:40:16 | INFO    | intent_parser        | Parsing command: 'open chrome'
2026-09-08 17:40:16 | INFO    | commands.files_apps  | Launched app: chrome -> chrome
2026-09-08 17:40:16 | INFO    | intent_parser        | Command handled -> Opening chrome.
2026-09-08 17:40:16 | INFO    | speaker              | SPEAK: Opening chrome.
2026-09-08 17:40:35 | INFO    | ui.app               | Sidebar section selected: Home
2026-09-08 17:40:45 | INFO    | listener             | Calibrating for ambient noise (stay quiet for a moment)...
2026-09-08 17:40:46 | INFO    | listener             | Calibration done. Energy threshold set to 17.9
2026-09-08 17:40:46 | INFO    | speaker              | SPEAK: Marcus is online and ready.
2026-09-08 17:40:49 | INFO    | __main__             | Marcus started. Wake word: 'hey marcus'
2026-09-08 17:40:54 | INFO    | listener             | Heard: 'personal'
2026-09-08 17:40:54 | INFO    | listener             | Direct command mode accepted: 'personal'
2026-09-08 17:40:54 | INFO    | intent_parser        | Parsing command: 'personal'
2026-09-08 17:40:54 | INFO    | intent_parser        | No pattern matched for: 'personal'
2026-09-08 17:40:54 | INFO    | speaker              | SPEAK: I'm not sure how to do that yet.
2026-09-08 17:41:01 | INFO    | listener             | Heard: 'Circus'
2026-09-08 17:41:01 | INFO    | listener             | Direct command mode accepted: 'circus'
2026-09-08 17:41:01 | INFO    | intent_parser        | Parsing command: 'circus'
2026-09-08 17:41:01 | INFO    | intent_parser        | No pattern matched for: 'circus'
2026-09-08 17:41:01 | INFO    | speaker              | SPEAK: I'm not sure how to do that yet.
2026-09-08 17:41:09 | DEBUG   | listener             | Audio was unintelligible.
2026-09-08 17:41:13 | DEBUG   | listener             | Audio was unintelligible.
2026-09-08 17:41:18 | DEBUG   | listener             | Audio was unintelligible.
2026-09-08 17:41:23 | DEBUG   | listener             | Audio was unintelligible.
2026-09-08 17:41:28 | INFO    | listener             | Heard: 'is'
2026-09-08 17:41:28 | INFO    | listener             | Direct command mode accepted: 'is'
2026-09-08 17:41:28 | INFO    | intent_parser        | Parsing command: 'is'
2026-09-08 17:41:28 | INFO    | intent_parser        | No pattern matched for: 'is'
2026-09-08 17:41:28 | INFO    | speaker              | SPEAK: I'm not sure how to do that yet.
2026-09-08 17:41:37 | DEBUG   | listener             | Audio was unintelligible.
2026-09-08 17:41:42 | DEBUG   | listener             | Audio was unintelligible.
2026-09-08 17:41:49 | DEBUG   | listener             | Audio was unintelligible.
2026-09-08 17:41:54 | DEBUG   | listener             | Audio was unintelligible.
2026-09-08 17:41:59 | DEBUG   | listener             | Audio was unintelligible.
2026-09-08 17:42:06 | DEBUG   | listener             | Audio was unintelligible.
2026-09-08 17:42:10 | DEBUG   | listener             | Audio was unintelligible.
2026-09-08 17:42:16 | DEBUG   | listener             | Audio was unintelligible.
2026-09-08 17:42:20 | DEBUG   | listener             | Audio was unintelligible.
2026-09-08 17:42:26 | DEBUG   | listener             | Audio was unintelligible.
2026-09-08 17:42:30 | DEBUG   | listener             | Audio was unintelligible.
2026-09-08 17:42:35 | DEBUG   | listener             | Audio was unintelligible.
2026-09-08 17:42:41 | DEBUG   | listener             | Audio was unintelligible.
2026-09-08 17:42:53 | DEBUG   | listener             | Audio was unintelligible.
2026-09-08 17:43:06 | INFO    | listener             | Heard: 'mungfali Itna karo please'
2026-09-08 17:43:06 | INFO    | listener             | Direct command mode accepted: 'mungfali itna karo please'
2026-09-08 17:43:06 | INFO    | intent_parser        | Parsing command: 'mungfali itna karo please'
2026-09-08 17:43:06 | INFO    | intent_parser        | No pattern matched for: 'mungfali itna karo please'
2026-09-08 17:43:06 | INFO    | speaker              | SPEAK: I'm not sure how to do that yet.
2026-09-08 17:43:14 | DEBUG   | listener             | Audio was unintelligible.
2026-09-08 17:49:56 | INFO    | intent_parser        | Parsing command: 'turn the volume up'
2026-09-08 17:49:56 | INFO    | commands.system      | Volume set to 100%
2026-09-08 17:49:56 | INFO    | intent_parser        | Command handled -> Volume set to 100 percent.
2026-09-08 17:52:20 | INFO    | ui.app               | Sidebar section selected: Home
2026-09-08 17:52:25 | INFO    | listener             | Calibrating for ambient noise (stay quiet for a moment)...
2026-09-08 17:52:27 | INFO    | listener             | Calibration done. Energy threshold set to 357.4
2026-09-08 17:52:27 | INFO    | speaker              | SPEAK: Marcus is online and ready.
2026-09-08 17:52:30 | INFO    | __main__             | Marcus started. Wake word: 'hey marcus'
2026-09-08 17:52:37 | DEBUG   | listener             | Audio was unintelligible.
2026-09-08 17:52:42 | INFO    | listener             | Heard: 'hey Marcus'
2026-09-08 17:52:42 | INFO    | listener             | Wake word detected in: 'hey marcus'
2026-09-08 17:52:42 | INFO    | speaker              | SPEAK: Yes?
2026-09-08 17:52:51 | INFO    | listener             | Heard: 'Voice up'
2026-09-08 17:52:51 | INFO    | intent_parser        | Parsing command: 'voice up'
2026-09-08 17:52:51 | INFO    | intent_parser        | No pattern matched for: 'voice up'
2026-09-08 17:52:51 | INFO    | speaker              | SPEAK: I heard you say that, but I don't know that command yet.
2026-09-08 17:53:00 | INFO    | listener             | Heard: 'volume up'
2026-09-08 17:53:00 | INFO    | listener             | Direct command mode accepted: 'volume up'
2026-09-08 17:53:00 | INFO    | intent_parser        | Parsing command: 'volume up'
2026-09-08 17:53:00 | INFO    | commands.system      | Volume set to 100%
2026-09-08 17:53:00 | INFO    | intent_parser        | Command handled -> Volume set to 100 percent.
2026-09-08 17:53:00 | INFO    | speaker              | SPEAK: Volume set to 100 percent.
2026-09-08 17:53:08 | INFO    | listener             | Heard: 'volume down'
2026-09-08 17:53:08 | INFO    | listener             | Direct command mode accepted: 'volume down'
2026-09-08 17:53:08 | INFO    | intent_parser        | Parsing command: 'volume down'
2026-09-08 17:53:08 | INFO    | commands.system      | Volume set to 90%
2026-09-08 17:53:08 | INFO    | intent_parser        | Command handled -> Volume set to 90 percent.
2026-09-08 17:53:08 | INFO    | speaker              | SPEAK: Volume set to 90 percent.
2026-09-08 17:53:17 | INFO    | listener             | Heard: 'what time is what time is it'
2026-09-08 17:53:17 | INFO    | listener             | Direct command mode accepted: 'what time is what time is it'
2026-09-08 17:53:17 | INFO    | intent_parser        | Parsing command: 'what time is what time is it'
2026-09-08 17:53:17 | INFO    | intent_parser        | Command handled -> It's 05:53 PM on Tuesday, September 08.
2026-09-08 17:53:17 | INFO    | speaker              | SPEAK: It's 05:53 PM on Tuesday, September 08.
2026-09-08 17:57:58 | INFO    | ui.app               | Sidebar section selected: Home
